[Wed Jun 04 00:02:39.435563 2025] [php:error] [pid 17:tid 17] [client 172.18.0.1:44062] PHP Fatal error:  Uncaught Error: Class "Src\\Controller\\Article\\ArticleDeleterService" not found in /var/www/html/src/Controller/Article/ArticleDeleteController.php:11\nStack trace:\n#0 /var/www/html/app/Router/Router.php(34): ArticleDeleteController->__construct()\n#1 /var/www/html/index.php(35): Router->resolve('/articles/1', 'DELETE')\n#2 {main}\n  thrown in /var/www/html/src/Controller/Article/ArticleDeleteController.php on line 11
[Wed Jun 04 00:03:49.034817 2025] [php:warn] [pid 23:tid 23] [client 172.18.0.1:36782] PHP Warning:  Undefined variable $Articlerepository in /var/www/html/src/Service/Article/ArticleDeleterService.php on line 15
[Wed Jun 04 00:03:49.035651 2025] [php:error] [pid 23:tid 23] [client 172.18.0.1:36782] PHP Fatal error:  Uncaught Error: Value of type null is not callable in /var/www/html/src/Service/Article/ArticleDeleterService.php:15\nStack trace:\n#0 /var/www/html/src/Controller/Article/ArticleDeleteController.php(11): Src\\Service\\Article\\ArticleDeleterService->__construct()\n#1 /var/www/html/app/Router/Router.php(34): ArticleDeleteController->__construct()\n#2 /var/www/html/index.php(35): Router->resolve('/articles/1', 'DELETE')\n#3 {main}\n  thrown in /var/www/html/src/Service/Article/ArticleDeleterService.php on line 15
[Wed Jun 04 00:05:01.436702 2025] [php:error] [pid 19:tid 19] [client 172.18.0.1:39632] PHP Fatal error:  Allowed memory size of 536870912 bytes exhausted (tried to allocate 67108864 bytes) in /var/www/html/src/Service/Article/ArticleDeleterService.php on line 15
[Wed Jun 04 00:12:40.611317 2025] [php:error] [pid 22:tid 22] [client 172.18.0.1:56458] PHP Fatal error:  Uncaught Error: Cannot create dynamic property Src\\Service\\Article\\ArticleDeleterService::$finder in /var/www/html/src/Service/Article/ArticleDeleterService.php:16\nStack trace:\n#0 /var/www/html/src/Controller/Article/ArticleDeleteController.php(11): Src\\Service\\Article\\ArticleDeleterService->__construct()\n#1 /var/www/html/app/Router/Router.php(34): ArticleDeleteController->__construct()\n#2 /var/www/html/index.php(35): Router->resolve('/articles/1', 'DELETE')\n#3 {main}\n  thrown in /var/www/html/src/Service/Article/ArticleDeleterService.php on line 16
[Wed Jun 04 00:13:08.530943 2025] [php:error] [pid 21:tid 21] [client 172.18.0.1:43916] PHP Fatal error:  Uncaught Error: Cannot create dynamic property Src\\Service\\Article\\ArticleDeleterService::$finder in /var/www/html/src/Service/Article/ArticleDeleterService.php:16\nStack trace:\n#0 /var/www/html/src/Controller/Article/ArticleDeleteController.php(11): Src\\Service\\Article\\ArticleDeleterService->__construct()\n#1 /var/www/html/app/Router/Router.php(34): ArticleDeleteController->__construct()\n#2 /var/www/html/index.php(35): Router->resolve('/articles/1', 'DELETE')\n#3 {main}\n  thrown in /var/www/html/src/Service/Article/ArticleDeleterService.php on line 16
[Wed Jun 04 00:22:13.809884 2025] [php:error] [pid 18:tid 18] [client 172.18.0.1:46018] PHP Fatal error:  Uncaught Error: Class "Src\\Controller\\Client\\ClientDeleterService" not found in /var/www/html/src/Controller/Client/ClientDeleteController.php:11\nStack trace:\n#0 /var/www/html/app/Router/Router.php(34): ClientDeleteController->__construct()\n#1 /var/www/html/index.php(35): Router->resolve('/clients/1', 'DELETE')\n#2 {main}\n  thrown in /var/www/html/src/Controller/Client/ClientDeleteController.php on line 11
[Wed Jun 04 00:23:16.854804 2025] [php:warn] [pid 20:tid 20] [client 172.18.0.1:36946] PHP Warning:  Undefined variable $ClientRepository in /var/www/html/src/Service/Client/ClientDeleterService.php on line 15
[Wed Jun 04 00:23:16.855788 2025] [php:error] [pid 20:tid 20] [client 172.18.0.1:36946] PHP Fatal error:  Uncaught Error: Value of type null is not callable in /var/www/html/src/Service/Client/ClientDeleterService.php:15\nStack trace:\n#0 /var/www/html/src/Controller/Client/ClientDeleteController.php(11): Src\\Service\\Client\\ClientDeleterService->__construct()\n#1 /var/www/html/app/Router/Router.php(34): ClientDeleteController->__construct()\n#2 /var/www/html/index.php(35): Router->resolve('/clients/1', 'DELETE')\n#3 {main}\n  thrown in /var/www/html/src/Service/Client/ClientDeleterService.php on line 15
[Wed Jun 04 00:23:44.779928 2025] [php:error] [pid 17:tid 17] [client 172.18.0.1:59118] PHP Fatal error:  Allowed memory size of 536870912 bytes exhausted (tried to allocate 67108864 bytes) in /var/www/html/src/Service/Client/ClientDeleterService.php on line 15
[Wed Jun 04 00:25:16.460908 2025] [php:error] [pid 23:tid 23] [client 172.18.0.1:33144] PHP Fatal error:  Allowed memory size of 536870912 bytes exhausted (tried to allocate 67108864 bytes) in /var/www/html/src/Service/Client/ClientDeleterService.php on line 15
[Wed Jun 04 00:26:48.108652 2025] [php:error] [pid 19:tid 19] [client 172.18.0.1:57774] PHP Fatal error:  Allowed memory size of 536870912 bytes exhausted (tried to allocate 67108864 bytes) in /var/www/html/src/Service/Client/ClientDeleterService.php on line 15
[Wed Jun 04 00:27:56.664720 2025] [php:error] [pid 22:tid 22] [client 172.18.0.1:58848] PHP Fatal error:  Uncaught Error: Call to undefined method Src\\Service\\Client\\ClientDeleterService::deleter() in /var/www/html/src/Controller/Client/ClientDeleteController.php:18\nStack trace:\n#0 /var/www/html/app/Router/Router.php(36): ClientDeleteController->start(1)\n#1 /var/www/html/index.php(35): Router->resolve('/clients/1', 'DELETE')\n#2 {main}\n  thrown in /var/www/html/src/Controller/Client/ClientDeleteController.php on line 18
[Wed Jun 04 00:28:30.965757 2025] [php:warn] [pid 21:tid 21] [client 172.18.0.1:58744] PHP Warning:  Undefined variable $dni in /var/www/html/src/Controller/Client/ClientDeleteController.php on line 18
[Wed Jun 04 00:28:30.966538 2025] [php:warn] [pid 21:tid 21] [client 172.18.0.1:58744] PHP Warning:  Undefined variable $name in /var/www/html/src/Controller/Client/ClientDeleteController.php on line 18
[Wed Jun 04 00:28:30.967014 2025] [php:warn] [pid 21:tid 21] [client 172.18.0.1:58744] PHP Warning:  Undefined variable $surname in /var/www/html/src/Controller/Client/ClientDeleteController.php on line 18
[Wed Jun 04 00:28:30.970094 2025] [php:error] [pid 21:tid 21] [client 172.18.0.1:58744] PHP Fatal error:  Uncaught TypeError: Src\\Service\\Client\\ClientDeleterService::delete(): Argument #1 ($id) must be of type int, null given, called in /var/www/html/src/Controller/Client/ClientDeleteController.php on line 18 and defined in /var/www/html/src/Service/Client/ClientDeleterService.php:19\nStack trace:\n#0 /var/www/html/src/Controller/Client/ClientDeleteController.php(18): Src\\Service\\Client\\ClientDeleterService->delete(NULL, NULL, NULL, 1)\n#1 /var/www/html/app/Router/Router.php(36): ClientDeleteController->start(1)\n#2 /var/www/html/index.php(35): Router->resolve('/clients/1', 'DELETE')\n#3 {main}\n  thrown in /var/www/html/src/Service/Client/ClientDeleterService.php on line 19
[Wed Jun 04 00:36:59.771191 2025] [php:error] [pid 22:tid 22] [client 172.18.0.1:51876] PHP Fatal error:  Uncaught Error: Class "Src\\Controller\\Client\\ClientUpdaterService" not found in /var/www/html/src/Controller/Client/ClientPutController.php:11\nStack trace:\n#0 /var/www/html/app/Router/Router.php(34): ClientPutController->__construct()\n#1 /var/www/html/index.php(35): Router->resolve('/clients/2', 'PUT')\n#2 {main}\n  thrown in /var/www/html/src/Controller/Client/ClientPutController.php on line 11
[Wed Jun 04 00:40:29.029410 2025] [php:warn] [pid 21:tid 21] [client 172.18.0.1:47048] PHP Warning:  Undefined variable $Clientrepository in /var/www/html/src/Service/Client/ClientUpdaterService.php on line 15
[Wed Jun 04 00:40:29.030394 2025] [php:error] [pid 21:tid 21] [client 172.18.0.1:47048] PHP Fatal error:  Uncaught Error: Value of type null is not callable in /var/www/html/src/Service/Client/ClientUpdaterService.php:15\nStack trace:\n#0 /var/www/html/src/Controller/Client/ClientPutController.php(11): Src\\Service\\Client\\ClientUpdaterService->__construct()\n#1 /var/www/html/app/Router/Router.php(34): ClientPutController->__construct()\n#2 /var/www/html/index.php(35): Router->resolve('/clients/2', 'PUT')\n#3 {main}\n  thrown in /var/www/html/src/Service/Client/ClientUpdaterService.php on line 15
[Wed Jun 04 00:42:07.542665 2025] [php:error] [pid 18:tid 18] [client 172.18.0.1:49180] PHP Fatal error:  Uncaught Error: Class "Src\\Controller\\ControllerUtils" not found in /var/www/html/src/Controller/Client/ClientPutController.php:16\nStack trace:\n#0 /var/www/html/app/Router/Router.php(36): ClientPutController->start(2)\n#1 /var/www/html/index.php(35): Router->resolve('/clients/2', 'PUT')\n#2 {main}\n  thrown in /var/www/html/src/Controller/Client/ClientPutController.php on line 16
[Wed Jun 04 00:43:40.755993 2025] [php:warn] [pid 19:tid 19] [client 172.18.0.1:47398] PHP Warning:  Undefined variable $Clientrepository in /var/www/html/src/Service/Client/ClientUpdaterService.php on line 15
[Wed Jun 04 00:43:40.756615 2025] [php:error] [pid 19:tid 19] [client 172.18.0.1:47398] PHP Fatal error:  Uncaught Error: Value of type null is not callable in /var/www/html/src/Service/Client/ClientUpdaterService.php:15\nStack trace:\n#0 /var/www/html/src/Controller/Client/ClientPutController.php(11): Src\\Service\\Client\\ClientUpdaterService->__construct()\n#1 /var/www/html/app/Router/Router.php(34): ClientPutController->__construct()\n#2 /var/www/html/index.php(35): Router->resolve('/clients/2', 'PUT')\n#3 {main}\n  thrown in /var/www/html/src/Service/Client/ClientUpdaterService.php on line 15
[Wed Jun 04 00:44:04.520856 2025] [php:error] [pid 17:tid 17] [client 172.18.0.1:33180] PHP Fatal error:  Uncaught Error: Class "Src\\Controller\\ControllerUtils" not found in /var/www/html/src/Controller/Client/ClientPutController.php:16\nStack trace:\n#0 /var/www/html/app/Router/Router.php(36): ClientPutController->start(2)\n#1 /var/www/html/index.php(35): Router->resolve('/clients/2', 'PUT')\n#2 {main}\n  thrown in /var/www/html/src/Controller/Client/ClientPutController.php on line 16
[Wed Jun 04 00:45:22.265276 2025] [php:warn] [pid 23:tid 23] [client 172.18.0.1:46202] PHP Warning:  Undefined property: Src\\Service\\Client\\ClientUpdaterService::$finder in /var/www/html/src/Service/Client/ClientUpdaterService.php on line 20
[Wed Jun 04 00:45:22.265954 2025] [php:error] [pid 23:tid 23] [client 172.18.0.1:46202] PHP Fatal error:  Uncaught Error: Call to a member function find() on null in /var/www/html/src/Service/Client/ClientUpdaterService.php:20\nStack trace:\n#0 /var/www/html/src/Controller/Client/ClientPutController.php(20): Src\\Service\\Client\\ClientUpdaterService->update(434703720, 'Ana', 'Gonzalez', 2)\n#1 /var/www/html/app/Router/Router.php(36): ClientPutController->start(2)\n#2 /var/www/html/index.php(35): Router->resolve('/clients/2', 'PUT')\n#3 {main}\n  thrown in /var/www/html/src/Service/Client/ClientUpdaterService.php on line 20
[Wed Jun 04 00:46:23.416562 2025] [php:error] [pid 20:tid 20] [client 172.18.0.1:50002] PHP Fatal error:  Uncaught Error: Call to undefined method Src\\Entity\\Client\\Client::modify() in /var/www/html/src/Service/Client/ClientUpdaterService.php:21\nStack trace:\n#0 /var/www/html/src/Controller/Client/ClientPutController.php(20): Src\\Service\\Client\\ClientUpdaterService->update(434703720, 'Ana', 'Gonzalez', 2)\n#1 /var/www/html/app/Router/Router.php(36): ClientPutController->start(2)\n#2 /var/www/html/index.php(35): Router->resolve('/clients/2', 'PUT')\n#3 {main}\n  thrown in /var/www/html/src/Service/Client/ClientUpdaterService.php on line 21
[Wed Jun 04 00:52:20.402443 2025] [php:error] [pid 19:tid 19] [client 172.18.0.1:35790] PHP Fatal error:  Uncaught Error: Cannot modify readonly property Src\\Entity\\Client\\Client::$dni in /var/www/html/src/Entity/Client/Client.php:20\nStack trace:\n#0 /var/www/html/src/Service/Client/ClientUpdaterService.php(21): Src\\Entity\\Client\\Client->modify(434703720, 'Ana', 'Gonzalez')\n#1 /var/www/html/src/Controller/Client/ClientPutController.php(20): Src\\Service\\Client\\ClientUpdaterService->update(434703720, 'Ana', 'Gonzalez', 2)\n#2 /var/www/html/app/Router/Router.php(36): ClientPutController->start(2)\n#3 /var/www/html/index.php(35): Router->resolve('/clients/2', 'PUT')\n#4 {main}\n  thrown in /var/www/html/src/Entity/Client/Client.php on line 20
[Wed Jun 04 00:53:41.324939 2025] [php:error] [pid 21:tid 21] [client 172.18.0.1:50608] PHP Fatal error:  Uncaught Error: Call to undefined method Src\\Infrastructure\\Repository\\Client\\ClientRepository::update() in /var/www/html/src/Service/Client/ClientUpdaterService.php:23\nStack trace:\n#0 /var/www/html/src/Controller/Client/ClientPutController.php(20): Src\\Service\\Client\\ClientUpdaterService->update(434703720, 'Ana', 'Gonzalez', 2)\n#1 /var/www/html/app/Router/Router.php(36): ClientPutController->start(2)\n#2 /var/www/html/index.php(35): Router->resolve('/clients/2', 'PUT')\n#3 {main}\n  thrown in /var/www/html/src/Service/Client/ClientUpdaterService.php on line 23
[Wed Jun 04 00:59:38.159252 2025] [php:error] [pid 17:tid 17] [client 172.18.0.1:48124] PHP Fatal error:  Uncaught Error: Class "Src\\Controller\\Brand\\BrandUpdaterService" not found in /var/www/html/src/Controller/Brand/BrandPutController.php:11\nStack trace:\n#0 /var/www/html/app/Router/Router.php(34): BrandPutController->__construct()\n#1 /var/www/html/index.php(35): Router->resolve('/brands/1', 'PUT')\n#2 {main}\n  thrown in /var/www/html/src/Controller/Brand/BrandPutController.php on line 11
[Wed Jun 04 01:01:33.121853 2025] [php:error] [pid 23:tid 23] [client 172.18.0.1:42730] PHP Fatal error:  Uncaught Error: Class "Src\\Controller\\Brand\\BrandUpdaterService" not found in /var/www/html/src/Controller/Brand/BrandPutController.php:11\nStack trace:\n#0 /var/www/html/app/Router/Router.php(34): BrandPutController->__construct()\n#1 /var/www/html/index.php(35): Router->resolve('/brands/1', 'PUT')\n#2 {main}\n  thrown in /var/www/html/src/Controller/Brand/BrandPutController.php on line 11
[Wed Jun 04 01:02:56.029356 2025] [php:error] [pid 20:tid 20] [client 172.18.0.1:39634] PHP Fatal error:  Uncaught Error: Class "Src\\Controller\\ControllerUtils" not found in /var/www/html/src/Controller/Brand/BrandPutController.php:15\nStack trace:\n#0 /var/www/html/app/Router/Router.php(36): BrandPutController->start(1)\n#1 /var/www/html/index.php(35): Router->resolve('/brands/1', 'PUT')\n#2 {main}\n  thrown in /var/www/html/src/Controller/Brand/BrandPutController.php on line 15
[Wed Jun 04 01:03:38.410800 2025] [php:error] [pid 19:tid 19] [client 172.18.0.1:42822] PHP Fatal error:  Uncaught Error: Call to undefined method Src\\Entity\\Brand\\Brand::modify() in /var/www/html/src/Service/Brand/BrandUpdaterService.php:21\nStack trace:\n#0 /var/www/html/src/Controller/Brand/BrandPutController.php(20): Src\\Service\\Brand\\BrandUpdaterService->update('belen', 'codigo 1', 1)\n#1 /var/www/html/app/Router/Router.php(36): BrandPutController->start(1)\n#2 /var/www/html/index.php(35): Router->resolve('/brands/1', 'PUT')\n#3 {main}\n  thrown in /var/www/html/src/Service/Brand/BrandUpdaterService.php on line 21
[Wed Jun 04 01:05:16.935003 2025] [php:error] [pid 21:tid 21] [client 172.18.0.1:41680] PHP Fatal error:  Uncaught Error: Cannot modify readonly property Src\\Entity\\Brand\\Brand::$name in /var/www/html/src/Entity/Brand/Brand.php:24\nStack trace:\n#0 /var/www/html/src/Service/Brand/BrandUpdaterService.php(21): Src\\Entity\\Brand\\Brand->modify('belen', 'codigo 1')\n#1 /var/www/html/src/Controller/Brand/BrandPutController.php(20): Src\\Service\\Brand\\BrandUpdaterService->update('belen', 'codigo 1', 1)\n#2 /var/www/html/app/Router/Router.php(36): BrandPutController->start(1)\n#3 /var/www/html/index.php(35): Router->resolve('/brands/1', 'PUT')\n#4 {main}\n  thrown in /var/www/html/src/Entity/Brand/Brand.php on line 24
[Wed Jun 04 01:06:01.207673 2025] [php:error] [pid 18:tid 18] [client 172.18.0.1:37452] PHP Fatal error:  Uncaught Error: Call to undefined method Src\\Infrastructure\\Repository\\Brand\\BrandRepository::update() in /var/www/html/src/Service/Brand/BrandUpdaterService.php:23\nStack trace:\n#0 /var/www/html/src/Controller/Brand/BrandPutController.php(20): Src\\Service\\Brand\\BrandUpdaterService->update('belen', 'codigo 1', 1)\n#1 /var/www/html/app/Router/Router.php(36): BrandPutController->start(1)\n#2 /var/www/html/index.php(35): Router->resolve('/brands/1', 'PUT')\n#3 {main}\n  thrown in /var/www/html/src/Service/Brand/BrandUpdaterService.php on line 23
AH00558: apache2: Could not reliably determine the server's fully qualified domain name, using 172.18.0.2. Set the 'ServerName' directive globally to suppress this message
[Thu Jun 05 22:31:21.685095 2025] [mpm_prefork:notice] [pid 1:tid 1] AH00163: Apache/2.4.62 (Debian) PHP/8.3.21 configured -- resuming normal operations
[Thu Jun 05 22:31:21.690182 2025] [core:notice] [pid 1:tid 1] AH00094: Command line: 'apache2 -D FOREGROUND'
[Fri Jun 06 21:38:24.813348 2025] [php:error] [pid 17:tid 17] [client 172.18.0.1:45776] PHP Fatal error:  Uncaught Error: Class "Src\\Controller\\Brand\\BrandDeleterService" not found in /var/www/html/src/Controller/Brand/BrandDeleteController.php:11\nStack trace:\n#0 /var/www/html/app/Router/Router.php(34): BrandDeleteController->__construct()\n#1 /var/www/html/index.php(35): Router->resolve('/brands/2', 'DELETE')\n#2 {main}\n  thrown in /var/www/html/src/Controller/Brand/BrandDeleteController.php on line 11
[Fri Jun 06 21:39:20.164823 2025] [php:warn] [pid 20:tid 20] [client 172.18.0.1:53380] PHP Warning:  Undefined variable $BrandRepository in /var/www/html/src/Service/Brand/BrandDeleterService.php on line 15
[Fri Jun 06 21:39:20.165970 2025] [php:error] [pid 20:tid 20] [client 172.18.0.1:53380] PHP Fatal error:  Uncaught Error: Value of type null is not callable in /var/www/html/src/Service/Brand/BrandDeleterService.php:15\nStack trace:\n#0 /var/www/html/src/Controller/Brand/BrandDeleteController.php(11): Src\\Service\\Brand\\BrandDeleterService->__construct()\n#1 /var/www/html/app/Router/Router.php(34): BrandDeleteController->__construct()\n#2 /var/www/html/index.php(35): Router->resolve('/brands/2', 'DELETE')\n#3 {main}\n  thrown in /var/www/html/src/Service/Brand/BrandDeleterService.php on line 15
[Fri Jun 06 21:41:03.833992 2025] [php:error] [pid 18:tid 18] [client 172.18.0.1:38262] PHP Fatal error:  Allowed memory size of 536870912 bytes exhausted (tried to allocate 67108864 bytes) in /var/www/html/src/Service/Brand/BrandDeleterService.php on line 15
[Fri Jun 06 21:42:42.325922 2025] [php:error] [pid 17:tid 17] [client 172.18.0.1:36128] PHP Fatal error:  Uncaught Error: Call to undefined method Src\\Service\\Brand\\BrandDeleterService::finder() in /var/www/html/src/Controller/Brand/BrandDeleteController.php:16\nStack trace:\n#0 /var/www/html/app/Router/Router.php(36): BrandDeleteController->start(2)\n#1 /var/www/html/index.php(35): Router->resolve('/brands/2', 'DELETE')\n#2 {main}\n  thrown in /var/www/html/src/Controller/Brand/BrandDeleteController.php on line 16
AH00558: apache2: Could not reliably determine the server's fully qualified domain name, using 172.18.0.2. Set the 'ServerName' directive globally to suppress this message
[Tue Jun 10 21:52:34.141449 2025] [mpm_prefork:notice] [pid 1:tid 1] AH00163: Apache/2.4.62 (Debian) PHP/8.3.21 configured -- resuming normal operations
[Tue Jun 10 21:52:34.147563 2025] [core:notice] [pid 1:tid 1] AH00094: Command line: 'apache2 -D FOREGROUND'
[Tue Jun 10 22:40:43.077445 2025] [php:error] [pid 17:tid 17] [client 172.18.0.1:32922] PHP Fatal error:  Cannot redeclare Src\\Infrastructure\\Repository\\Article\\ArticleRepositoryInterface::find() in /var/www/html/src/Infrastructure/Repository/Article/ArticleRepositoryInterface.php on line 12
AH00558: apache2: Could not reliably determine the server's fully qualified domain name, using 172.18.0.3. Set the 'ServerName' directive globally to suppress this message
[Fri Jun 13 00:18:15.609816 2025] [mpm_prefork:notice] [pid 1:tid 1] AH00163: Apache/2.4.62 (Debian) PHP/8.3.21 configured -- resuming normal operations
[Fri Jun 13 00:18:15.611047 2025] [core:notice] [pid 1:tid 1] AH00094: Command line: 'apache2 -D FOREGROUND'
[Tue Jun 17 22:50:13.626278 2025] [php:error] [pid 17:tid 17] [client 172.18.0.1:59024] PHP Fatal error:  Uncaught TypeError: Src\\Service\\Article\\ArticleCreatorService::create(): Argument #1 ($price) must be of type int, string given, called in /var/www/html/src/Controller/Article/ArticlePostController.php on line 19 and defined in /var/www/html/src/Service/Article/ArticleCreatorService.php:15\nStack trace:\n#0 /var/www/html/src/Controller/Article/ArticlePostController.php(19): Src\\Service\\Article\\ArticleCreatorService->create('30,99', 'Libro 5', '2')\n#1 /var/www/html/app/Router/Router.php(36): ArticlePostController->start()\n#2 /var/www/html/index.php(39): Router->resolve('/articles', 'POST')\n#3 {main}\n  thrown in /var/www/html/src/Service/Article/ArticleCreatorService.php on line 15
[Tue Jun 17 22:50:32.836773 2025] [php:error] [pid 22:tid 22] [client 172.18.0.1:44626] PHP Fatal error:  Uncaught TypeError: Src\\Utils\\ControllerUtils::getPostData(): Return value must be of type array, null returned in /var/www/html/src/Utils/ControllerUtils.php:31\nStack trace:\n#0 /var/www/html/src/Utils/ControllerUtils.php(13): Src\\Utils\\ControllerUtils::getPostData()\n#1 /var/www/html/src/Controller/Article/ArticlePostController.php(15): Src\\Utils\\ControllerUtils::getPost('price')\n#2 /var/www/html/app/Router/Router.php(36): ArticlePostController->start()\n#3 /var/www/html/index.php(39): Router->resolve('/articles', 'POST')\n#4 {main}\n  thrown in /var/www/html/src/Utils/ControllerUtils.php on line 31
AH00558: apache2: Could not reliably determine the server's fully qualified domain name, using 172.18.0.2. Set the 'ServerName' directive globally to suppress this message
[Thu Jun 19 23:30:36.716041 2025] [mpm_prefork:notice] [pid 1:tid 1] AH00163: Apache/2.4.62 (Debian) PHP/8.3.21 configured -- resuming normal operations
[Thu Jun 19 23:30:36.743226 2025] [core:notice] [pid 1:tid 1] AH00094: Command line: 'apache2 -D FOREGROUND'
[Thu Jun 19 23:32:24.668271 2025] [mpm_prefork:notice] [pid 1:tid 1] AH00170: caught SIGWINCH, shutting down gracefully
AH00558: apache2: Could not reliably determine the server's fully qualified domain name, using 172.18.0.4. Set the 'ServerName' directive globally to suppress this message
[Thu Jun 19 23:32:35.148632 2025] [mpm_prefork:notice] [pid 1:tid 1] AH00163: Apache/2.4.62 (Debian) PHP/8.3.21 configured -- resuming normal operations
[Thu Jun 19 23:32:35.149190 2025] [core:notice] [pid 1:tid 1] AH00094: Command line: 'apache2 -D FOREGROUND'
AH00558: apache2: Could not reliably determine the server's fully qualified domain name, using 172.18.0.2. Set the 'ServerName' directive globally to suppress this message
[Sun Jun 22 18:18:24.942596 2025] [mpm_prefork:notice] [pid 1:tid 1] AH00163: Apache/2.4.62 (Debian) PHP/8.3.21 configured -- resuming normal operations
[Sun Jun 22 18:18:24.943592 2025] [core:notice] [pid 1:tid 1] AH00094: Command line: 'apache2 -D FOREGROUND'
[Thu Jul 03 19:14:18.187475 2025] [mpm_prefork:notice] [pid 1:tid 1] AH00170: caught SIGWINCH, shutting down gracefully
AH00558: apache2: Could not reliably determine the server's fully qualified domain name, using 172.18.0.2. Set the 'ServerName' directive globally to suppress this message
[Thu Jul 03 19:37:00.127106 2025] [mpm_prefork:notice] [pid 1:tid 1] AH00163: Apache/2.4.62 (Debian) PHP/8.3.21 configured -- resuming normal operations
[Thu Jul 03 19:37:00.128159 2025] [core:notice] [pid 1:tid 1] AH00094: Command line: 'apache2 -D FOREGROUND'
[Thu Jul 03 20:17:27.894291 2025] [php:error] [pid 22:tid 22] [client 172.18.0.1:57552] PHP Parse error:  syntax error, unexpected double-quoted string "imageUrl", expecting "]" in /var/www/html/src/Controller/Article/ArticleGetController.php on line 22, referer: http://localhost:9092/
[Thu Jul 03 20:17:28.244749 2025] [php:error] [pid 22:tid 22] [client 172.18.0.1:57552] PHP Parse error:  syntax error, unexpected double-quoted string "imageUrl", expecting "]" in /var/www/html/src/Controller/Article/ArticleGetController.php on line 22, referer: http://localhost:9092/
[Thu Jul 03 20:17:47.053415 2025] [php:error] [pid 17:tid 17] [client 172.18.0.1:47448] PHP Parse error:  syntax error, unexpected double-quoted string "imageUrl", expecting "]" in /var/www/html/src/Controller/Article/ArticleGetController.php on line 22, referer: http://localhost:9092/
[Thu Jul 03 20:17:47.375003 2025] [php:error] [pid 17:tid 17] [client 172.18.0.1:47448] PHP Parse error:  syntax error, unexpected double-quoted string "imageUrl", expecting "]" in /var/www/html/src/Controller/Article/ArticleGetController.php on line 22, referer: http://localhost:9092/
[Thu Jul 03 20:18:10.517665 2025] [php:error] [pid 19:tid 19] [client 172.18.0.1:60514] PHP Parse error:  syntax error, unexpected double-quoted string "imageUrl", expecting "]" in /var/www/html/src/Controller/Article/ArticleGetController.php on line 22, referer: http://localhost:9092/
[Thu Jul 03 20:18:10.730722 2025] [php:error] [pid 19:tid 19] [client 172.18.0.1:60514] PHP Parse error:  syntax error, unexpected double-quoted string "imageUrl", expecting "]" in /var/www/html/src/Controller/Article/ArticleGetController.php on line 22, referer: http://localhost:9092/
[Thu Jul 03 20:57:26.922169 2025] [php:error] [pid 18:tid 18] [client 172.18.0.1:47024] PHP Parse error:  syntax error, unexpected double-quoted string "imageUrl", expecting "]" in /var/www/html/src/Controller/Article/ArticleGetController.php on line 22, referer: http://localhost:9092/
[Thu Jul 03 20:57:27.110097 2025] [php:error] [pid 18:tid 18] [client 172.18.0.1:47024] PHP Parse error:  syntax error, unexpected double-quoted string "imageUrl", expecting "]" in /var/www/html/src/Controller/Article/ArticleGetController.php on line 22, referer: http://localhost:9092/
[Thu Jul 03 21:12:04.461218 2025] [php:error] [pid 20:tid 20] [client 172.18.0.1:35854] PHP Parse error:  syntax error, unexpected double-quoted string "imageUrl", expecting "]" in /var/www/html/src/Controller/Article/ArticleGetController.php on line 22, referer: http://localhost:9092/
[Thu Jul 03 21:12:04.692787 2025] [php:error] [pid 20:tid 20] [client 172.18.0.1:35854] PHP Parse error:  syntax error, unexpected double-quoted string "imageUrl", expecting "]" in /var/www/html/src/Controller/Article/ArticleGetController.php on line 22, referer: http://localhost:9092/
[Thu Jul 03 21:12:05.175554 2025] [php:error] [pid 20:tid 20] [client 172.18.0.1:35854] PHP Parse error:  syntax error, unexpected double-quoted string "imageUrl", expecting "]" in /var/www/html/src/Controller/Article/ArticleGetController.php on line 22, referer: http://localhost:9092/
[Thu Jul 03 21:12:05.377755 2025] [php:error] [pid 20:tid 20] [client 172.18.0.1:35854] PHP Parse error:  syntax error, unexpected double-quoted string "imageUrl", expecting "]" in /var/www/html/src/Controller/Article/ArticleGetController.php on line 22, referer: http://localhost:9092/
[Thu Jul 03 21:12:13.575042 2025] [php:error] [pid 20:tid 20] [client 172.18.0.1:35854] PHP Parse error:  syntax error, unexpected double-quoted string "imageUrl", expecting "]" in /var/www/html/src/Controller/Article/ArticleGetController.php on line 22, referer: http://localhost:9092/
[Thu Jul 03 21:12:13.782480 2025] [php:error] [pid 20:tid 20] [client 172.18.0.1:35854] PHP Parse error:  syntax error, unexpected double-quoted string "imageUrl", expecting "]" in /var/www/html/src/Controller/Article/ArticleGetController.php on line 22, referer: http://localhost:9092/
[Thu Jul 03 21:15:31.955482 2025] [php:error] [pid 21:tid 21] [client 172.18.0.1:53346] PHP Parse error:  syntax error, unexpected double-quoted string "imageUrl", expecting "]" in /var/www/html/src/Controller/Article/ArticleGetController.php on line 22, referer: http://localhost:9092/
[Thu Jul 03 21:15:32.177386 2025] [php:error] [pid 21:tid 21] [client 172.18.0.1:53346] PHP Parse error:  syntax error, unexpected double-quoted string "imageUrl", expecting "]" in /var/www/html/src/Controller/Article/ArticleGetController.php on line 22, referer: http://localhost:9092/
[Thu Jul 03 21:24:19.048610 2025] [php:error] [pid 22:tid 22] [client 172.18.0.1:53094] PHP Parse error:  syntax error, unexpected double-quoted string "imageUrl", expecting "]" in /var/www/html/src/Controller/Article/ArticleGetController.php on line 22, referer: http://localhost:9092/
[Thu Jul 03 21:24:19.392748 2025] [php:error] [pid 22:tid 22] [client 172.18.0.1:53094] PHP Parse error:  syntax error, unexpected double-quoted string "imageUrl", expecting "]" in /var/www/html/src/Controller/Article/ArticleGetController.php on line 22, referer: http://localhost:9092/
[Fri Jul 04 19:45:31.994201 2025] [php:error] [pid 22:tid 22] [client 172.18.0.1:58680] PHP Fatal error:  Uncaught TypeError: Src\\Entity\\Category\\Category::__construct(): Argument #2 ($name) must be of type int, string given, called in /var/www/html/src/Infrastructure/Repository/Category/CategoryRepository.php on line 92 and defined in /var/www/html/src/Entity/Category/Category.php:6\nStack trace:\n#0 /var/www/html/src/Infrastructure/Repository/Category/CategoryRepository.php(92): Src\\Entity\\Category\\Category->__construct(2, 'tablas', 'https://res.clo...')\n#1 /var/www/html/src/Infrastructure/Repository/Category/CategoryRepository.php(46): Src\\Infrastructure\\Repository\\Category\\CategoryRepository->toCategory(Array)\n#2 /var/www/html/src/Service/Category/CategoriesSearcherService.php(18): Src\\Infrastructure\\Repository\\Category\\CategoryRepository->search()\n#3 /var/www/html/src/Controller/Category/CategoriesGetController.php(14): Src\\Service\\Category\\CategoriesSearcherService->search()\n#4 /var/www/html/app/Router/Router.php(36): CategoriesGetController->start()\n#5 /var/www/html/index.php(39): Router->resolve('/categories', 'GET')\n#6 {main}\n  thrown in /var/www/html/src/Entity/Category/Category.php on line 6
[Fri Jul 04 19:46:33.532894 2025] [php:warn] [pid 17:tid 17] [client 172.18.0.1:33612] PHP Warning:  Undefined variable $articles in /var/www/html/src/Infrastructure/Repository/Category/CategoryRepository.php on line 49
[Fri Jul 04 19:46:33.534919 2025] [php:error] [pid 17:tid 17] [client 172.18.0.1:33612] PHP Fatal error:  Uncaught TypeError: Src\\Infrastructure\\Repository\\Category\\CategoryRepository::search(): Return value must be of type array, null returned in /var/www/html/src/Infrastructure/Repository/Category/CategoryRepository.php:49\nStack trace:\n#0 /var/www/html/src/Service/Category/CategoriesSearcherService.php(18): Src\\Infrastructure\\Repository\\Category\\CategoryRepository->search()\n#1 /var/www/html/src/Controller/Category/CategoriesGetController.php(14): Src\\Service\\Category\\CategoriesSearcherService->search()\n#2 /var/www/html/app/Router/Router.php(36): CategoriesGetController->start()\n#3 /var/www/html/index.php(39): Router->resolve('/categories', 'GET')\n#4 {main}\n  thrown in /var/www/html/src/Infrastructure/Repository/Category/CategoryRepository.php on line 49
[Fri Jul 04 19:48:12.999046 2025] [php:error] [pid 23:tid 23] [client 172.18.0.1:35192] PHP Fatal error:  Uncaught Error: Call to undefined method Src\\Entity\\Category\\Category::price() in /var/www/html/src/Controller/Category/CategoryGetController.php:19\nStack trace:\n#0 /var/www/html/app/Router/Router.php(36): CategoryGetController->start(2)\n#1 /var/www/html/index.php(39): Router->resolve('/categories/2', 'GET')\n#2 {main}\n  thrown in /var/www/html/src/Controller/Category/CategoryGetController.php on line 19
[Fri Jul 04 20:20:32.102253 2025] [php:error] [pid 20:tid 20] [client 172.18.0.1:46982] PHP Fatal error:  Uncaught Error: Call to undefined method Src\\Entity\\Article\\Article::categoryId() in /var/www/html/src/Controller/Article/ArticleGetController.php:21\nStack trace:\n#0 /var/www/html/app/Router/Router.php(36): ArticleGetController->start(4)\n#1 /var/www/html/index.php(39): Router->resolve('/articles/4', 'GET')\n#2 {main}\n  thrown in /var/www/html/src/Controller/Article/ArticleGetController.php on line 21, referer: http://localhost:9092/
[Fri Jul 04 20:20:33.384246 2025] [php:error] [pid 20:tid 20] [client 172.18.0.1:46982] PHP Fatal error:  Uncaught Error: Call to undefined method Src\\Entity\\Article\\Article::categoryId() in /var/www/html/src/Controller/Article/ArticleGetController.php:21\nStack trace:\n#0 /var/www/html/app/Router/Router.php(36): ArticleGetController->start(4)\n#1 /var/www/html/index.php(39): Router->resolve('/articles/4', 'GET')\n#2 {main}\n  thrown in /var/www/html/src/Controller/Article/ArticleGetController.php on line 21, referer: http://localhost:9092/
[Fri Jul 04 20:22:58.453617 2025] [php:error] [pid 22:tid 22] [client 172.18.0.1:43034] PHP Fatal error:  Uncaught Error: Call to undefined method Src\\Entity\\Article\\Article::categoryId() in /var/www/html/src/Controller/Article/ArticleGetController.php:21\nStack trace:\n#0 /var/www/html/app/Router/Router.php(36): ArticleGetController->start(4)\n#1 /var/www/html/index.php(39): Router->resolve('/articles/4', 'GET')\n#2 {main}\n  thrown in /var/www/html/src/Controller/Article/ArticleGetController.php on line 21, referer: http://localhost:9092/
[Fri Jul 04 20:23:00.522874 2025] [php:error] [pid 22:tid 22] [client 172.18.0.1:43034] PHP Fatal error:  Uncaught Error: Call to undefined method Src\\Entity\\Article\\Article::categoryId() in /var/www/html/src/Controller/Article/ArticleGetController.php:21\nStack trace:\n#0 /var/www/html/app/Router/Router.php(36): ArticleGetController->start(4)\n#1 /var/www/html/index.php(39): Router->resolve('/articles/4', 'GET')\n#2 {main}\n  thrown in /var/www/html/src/Controller/Article/ArticleGetController.php on line 21, referer: http://localhost:9092/
[Fri Jul 04 21:32:13.469427 2025] [php:error] [pid 21:tid 21] [client 172.18.0.1:36802] PHP Fatal error:  Uncaught TypeError: Src\\Entity\\Article\\Article::__construct(): Argument #5 ($stock) must be of type int, string given, called in /var/www/html/src/Infrastructure/Repository/Article/ArticleRepository.php on line 101 and defined in /var/www/html/src/Entity/Article/Article.php:6\nStack trace:\n#0 /var/www/html/src/Infrastructure/Repository/Article/ArticleRepository.php(101): Src\\Entity\\Article\\Article->__construct(2, 300, 'Tabla artesanal...', '2', 'Tabla artesanal', 'https://res.clo...')\n#1 /var/www/html/src/Infrastructure/Repository/Article/ArticleRepository.php(46): Src\\Infrastructure\\Repository\\Article\\ArticleRepository->toArticle(Array)\n#2 /var/www/html/src/Service/Article/ArticlesSearcherService.php(18): Src\\Infrastructure\\Repository\\Article\\ArticleRepository->search()\n#3 /var/www/html/src/Controller/Article/ArticlesGetController.php(14): Src\\Service\\Article\\ArticlesSearcherService->search()\n#4 /var/www/html/app/Router/Router.php(36): ArticlesGetController->start()\n#5 /var/www/html/index.php(39): Router->resolve('/articles', 'GET')\n#6 {main}\n  thrown in /var/www/html/src/Entity/Article/Article.php on line 6
[Sat Jul 05 11:50:06.673115 2025] [mpm_prefork:notice] [pid 1:tid 1] AH00170: caught SIGWINCH, shutting down gracefully
AH00558: apache2: Could not reliably determine the server's fully qualified domain name, using 172.18.0.3. Set the 'ServerName' directive globally to suppress this message
[Tue Aug 05 23:31:55.127738 2025] [mpm_prefork:notice] [pid 1:tid 1] AH00163: Apache/2.4.62 (Debian) PHP/8.3.21 configured -- resuming normal operations
[Tue Aug 05 23:31:55.135858 2025] [core:notice] [pid 1:tid 1] AH00094: Command line: 'apache2 -D FOREGROUND'
AH00558: apache2: Could not reliably determine the server's fully qualified domain name, using 172.19.0.4. Set the 'ServerName' directive globally to suppress this message
[Tue Aug 05 23:55:05.184007 2025] [mpm_prefork:notice] [pid 1:tid 1] AH00163: Apache/2.4.62 (Debian) PHP/8.3.24 configured -- resuming normal operations
[Tue Aug 05 23:55:05.184461 2025] [core:notice] [pid 1:tid 1] AH00094: Command line: 'apache2 -D FOREGROUND'
