2025-10-27 16:08:25 IPN Recibido:
Array
(
    [rawBody] => topic=payment&id=123456
    [data] => Array
        (
            [topic] => payment
            [id] => 123456
        )

    [topic] => payment
    [id] => 123456
)


2025-10-27 17:01:50 IPN Recibido:
Array
(
    [rawBody] => topic=payment&id=123456
    [data] => Array
        (
            [topic] => payment
            [id] => 123456
        )

    [topic] => payment
    [id] => 123456
)


2025-10-29 15:59:09 IPN Recibido:
Array
(
    [rawBody] => {"resource":"https://api.mercadolibre.com/merchant_orders/35139122258","topic":"merchant_order"}
    [data] => Array
        (
            [{"resource":"https://api_mercadolibre_com/merchant_orders/35139122258","topic":"merchant_order"}] => 
            [resource] => https://api.mercadolibre.com/merchant_orders/35139122258
            [topic] => merchant_order
        )

    [topic] => merchant_order
    [id] => 
)


2025-10-29 15:59:49 IPN Recibido:
Array
(
    [rawBody] => {"resource":"https://api.mercadolibre.com/merchant_orders/35139122258","topic":"merchant_order"}
    [data] => Array
        (
            [{"resource":"https://api_mercadolibre_com/merchant_orders/35139122258","topic":"merchant_order"}] => 
            [resource] => https://api.mercadolibre.com/merchant_orders/35139122258
            [topic] => merchant_order
        )

    [topic] => merchant_order
    [id] => 
)


2025-10-29 16:08:35 IPN Recibido:
Array
(
    [rawBody] => {"resource":"https://api.mercadolibre.com/merchant_orders/35114729435","topic":"merchant_order"}
    [data] => Array
        (
            [{"resource":"https://api_mercadolibre_com/merchant_orders/35114729435","topic":"merchant_order"}] => 
            [resource] => https://api.mercadolibre.com/merchant_orders/35114729435
            [topic] => merchant_order
        )

    [topic] => merchant_order
    [id] => 
)


2025-10-29 16:10:05 IPN Recibido:
Array
(
    [rawBody] => {"resource":"https://api.mercadolibre.com/merchant_orders/35114729435","topic":"merchant_order"}
    [data] => Array
        (
            [{"resource":"https://api_mercadolibre_com/merchant_orders/35114729435","topic":"merchant_order"}] => 
            [resource] => https://api.mercadolibre.com/merchant_orders/35114729435
            [topic] => merchant_order
        )

    [topic] => merchant_order
    [id] => 
)


2025-10-29 16:10:38 IPN Recibido:
Array
(
    [rawBody] => {"resource":"https://api.mercadolibre.com/merchant_orders/35139380556","topic":"merchant_order"}
    [data] => Array
        (
            [{"resource":"https://api_mercadolibre_com/merchant_orders/35139380556","topic":"merchant_order"}] => 
            [resource] => https://api.mercadolibre.com/merchant_orders/35139380556
            [topic] => merchant_order
        )

    [topic] => merchant_order
    [id] => 
)


2025-10-29 16:11:15 IPN Recibido:
Array
(
    [rawBody] => {"resource":"https://api.mercadolibre.com/merchant_orders/35139380556","topic":"merchant_order"}
    [data] => Array
        (
            [{"resource":"https://api_mercadolibre_com/merchant_orders/35139380556","topic":"merchant_order"}] => 
            [resource] => https://api.mercadolibre.com/merchant_orders/35139380556
            [topic] => merchant_order
        )

    [topic] => merchant_order
    [id] => 
)


2025-10-29 16:11:19 IPN Recibido:
Array
(
    [rawBody] => {"resource":"https://api.mercadolibre.com/merchant_orders/35139380556","topic":"merchant_order"}
    [data] => Array
        (
            [{"resource":"https://api_mercadolibre_com/merchant_orders/35139380556","topic":"merchant_order"}] => 
            [resource] => https://api.mercadolibre.com/merchant_orders/35139380556
            [topic] => merchant_order
        )

    [topic] => merchant_order
    [id] => 
)


2025-10-29 16:15:55 IPN Recibido:
Array
(
    [rawBody] => {"resource":"https://api.mercadolibre.com/merchant_orders/35139122258","topic":"merchant_order"}
    [data] => Array
        (
            [{"resource":"https://api_mercadolibre_com/merchant_orders/35139122258","topic":"merchant_order"}] => 
            [resource] => https://api.mercadolibre.com/merchant_orders/35139122258
            [topic] => merchant_order
        )

    [topic] => merchant_order
    [id] => 
)


2025-10-29 16:26:22 IPN Recibido:
Array
(
    [rawBody] => {"resource":"https://api.mercadolibre.com/merchant_orders/35114729435","topic":"merchant_order"}
    [data] => Array
        (
            [{"resource":"https://api_mercadolibre_com/merchant_orders/35114729435","topic":"merchant_order"}] => 
            [resource] => https://api.mercadolibre.com/merchant_orders/35114729435
            [topic] => merchant_order
        )

    [topic] => merchant_order
    [id] => 
)


2025-10-29 16:30:44 IPN Recibido:
Array
(
    [rawBody] => {"resource":"https://api.mercadolibre.com/merchant_orders/35139380556","topic":"merchant_order"}
    [data] => Array
        (
            [{"resource":"https://api_mercadolibre_com/merchant_orders/35139380556","topic":"merchant_order"}] => 
            [resource] => https://api.mercadolibre.com/merchant_orders/35139380556
            [topic] => merchant_order
        )

    [topic] => merchant_order
    [id] => 
)


2025-10-29 16:50:28 IPN Recibido:
Array
(
    [rawBody] => {"resource":"https://api.mercadolibre.com/merchant_orders/35139122258","topic":"merchant_order"}
    [data] => Array
        (
            [{"resource":"https://api_mercadolibre_com/merchant_orders/35139122258","topic":"merchant_order"}] => 
            [resource] => https://api.mercadolibre.com/merchant_orders/35139122258
            [topic] => merchant_order
        )

    [topic] => merchant_order
    [id] => 
)


2025-10-29 17:00:40 IPN Recibido:
Array
(
    [rawBody] => {"resource":"https://api.mercadolibre.com/merchant_orders/35114729435","topic":"merchant_order"}
    [data] => Array
        (
            [{"resource":"https://api_mercadolibre_com/merchant_orders/35114729435","topic":"merchant_order"}] => 
            [resource] => https://api.mercadolibre.com/merchant_orders/35114729435
            [topic] => merchant_order
        )

    [topic] => merchant_order
    [id] => 
)


2025-10-29 17:05:41 IPN Recibido:
Array
(
    [rawBody] => {"resource":"https://api.mercadolibre.com/merchant_orders/35139380556","topic":"merchant_order"}
    [data] => Array
        (
            [{"resource":"https://api_mercadolibre_com/merchant_orders/35139380556","topic":"merchant_order"}] => 
            [resource] => https://api.mercadolibre.com/merchant_orders/35139380556
            [topic] => merchant_order
        )

    [topic] => merchant_order
    [id] => 
)


2025-10-30 13:44:36 IPN Recibido:
Array
(
    [rawBody] => {"resource":"https://api.mercadolibre.com/merchant_orders/35135689959","topic":"merchant_order"}
    [data] => Array
        (
            [{"resource":"https://api_mercadolibre_com/merchant_orders/35135689959","topic":"merchant_order"}] => 
            [resource] => https://api.mercadolibre.com/merchant_orders/35135689959
            [topic] => merchant_order
        )

    [topic] => merchant_order
    [id] => 
)


2025-10-30 13:45:37 IPN Recibido:
Array
(
    [rawBody] => {"resource":"https://api.mercadolibre.com/merchant_orders/35135689959","topic":"merchant_order"}
    [data] => Array
        (
            [{"resource":"https://api_mercadolibre_com/merchant_orders/35135689959","topic":"merchant_order"}] => 
            [resource] => https://api.mercadolibre.com/merchant_orders/35135689959
            [topic] => merchant_order
        )

    [topic] => merchant_order
    [id] => 
)


2025-10-30 13:45:46 IPN Recibido:
Array
(
    [rawBody] => {"resource":"https://api.mercadolibre.com/merchant_orders/35135689959","topic":"merchant_order"}
    [data] => Array
        (
            [{"resource":"https://api_mercadolibre_com/merchant_orders/35135689959","topic":"merchant_order"}] => 
            [resource] => https://api.mercadolibre.com/merchant_orders/35135689959
            [topic] => merchant_order
        )

    [topic] => merchant_order
    [id] => 
)


2025-10-30 13:45:59 IPN Recibido:
Array
(
    [rawBody] => {"resource":"https://api.mercadolibre.com/merchant_orders/35135729239","topic":"merchant_order"}
    [data] => Array
        (
            [{"resource":"https://api_mercadolibre_com/merchant_orders/35135729239","topic":"merchant_order"}] => 
            [resource] => https://api.mercadolibre.com/merchant_orders/35135729239
            [topic] => merchant_order
        )

    [topic] => merchant_order
    [id] => 
)


2025-10-30 13:46:38 IPN Recibido:
Array
(
    [rawBody] => {"resource":"https://api.mercadolibre.com/merchant_orders/35135729239","topic":"merchant_order"}
    [data] => Array
        (
            [{"resource":"https://api_mercadolibre_com/merchant_orders/35135729239","topic":"merchant_order"}] => 
            [resource] => https://api.mercadolibre.com/merchant_orders/35135729239
            [topic] => merchant_order
        )

    [topic] => merchant_order
    [id] => 
)


2025-10-30 13:46:44 IPN Recibido:
Array
(
    [rawBody] => {"resource":"https://api.mercadolibre.com/merchant_orders/35135729239","topic":"merchant_order"}
    [data] => Array
        (
            [{"resource":"https://api_mercadolibre_com/merchant_orders/35135729239","topic":"merchant_order"}] => 
            [resource] => https://api.mercadolibre.com/merchant_orders/35135729239
            [topic] => merchant_order
        )

    [topic] => merchant_order
    [id] => 
)


2025-10-30 16:26:55 IPN Recibido:
Array
(
    [rawBody] => {"resource":"https://api.mercadolibre.com/merchant_orders/35139488329","topic":"merchant_order"}
    [data] => Array
        (
            [{"resource":"https://api_mercadolibre_com/merchant_orders/35139488329","topic":"merchant_order"}] => 
            [resource] => https://api.mercadolibre.com/merchant_orders/35139488329
            [topic] => merchant_order
        )

    [topic] => merchant_order
    [id] => 
)


2025-10-30 16:27:48 IPN Recibido:
Array
(
    [rawBody] => {"resource":"https://api.mercadolibre.com/merchant_orders/35139488329","topic":"merchant_order"}
    [data] => Array
        (
            [{"resource":"https://api_mercadolibre_com/merchant_orders/35139488329","topic":"merchant_order"}] => 
            [resource] => https://api.mercadolibre.com/merchant_orders/35139488329
            [topic] => merchant_order
        )

    [topic] => merchant_order
    [id] => 
)


2025-10-30 16:27:55 IPN Recibido:
Array
(
    [rawBody] => {"resource":"https://api.mercadolibre.com/merchant_orders/35139488329","topic":"merchant_order"}
    [data] => Array
        (
            [{"resource":"https://api_mercadolibre_com/merchant_orders/35139488329","topic":"merchant_order"}] => 
            [resource] => https://api.mercadolibre.com/merchant_orders/35139488329
            [topic] => merchant_order
        )

    [topic] => merchant_order
    [id] => 
)


2025-10-30 16:30:15 IPN Recibido:
Array
(
    [rawBody] => {"resource":"https://api.mercadolibre.com/merchant_orders/35139572325","topic":"merchant_order"}
    [data] => Array
        (
            [{"resource":"https://api_mercadolibre_com/merchant_orders/35139572325","topic":"merchant_order"}] => 
            [resource] => https://api.mercadolibre.com/merchant_orders/35139572325
            [topic] => merchant_order
        )

    [topic] => merchant_order
    [id] => 
)


2025-10-30 16:31:14 IPN Recibido:
Array
(
    [rawBody] => {"resource":"https://api.mercadolibre.com/merchant_orders/35139572325","topic":"merchant_order"}
    [data] => Array
        (
            [{"resource":"https://api_mercadolibre_com/merchant_orders/35139572325","topic":"merchant_order"}] => 
            [resource] => https://api.mercadolibre.com/merchant_orders/35139572325
            [topic] => merchant_order
        )

    [topic] => merchant_order
    [id] => 
)


2025-10-30 16:31:23 IPN Recibido:
Array
(
    [rawBody] => {"resource":"https://api.mercadolibre.com/merchant_orders/35139572325","topic":"merchant_order"}
    [data] => Array
        (
            [{"resource":"https://api_mercadolibre_com/merchant_orders/35139572325","topic":"merchant_order"}] => 
            [resource] => https://api.mercadolibre.com/merchant_orders/35139572325
            [topic] => merchant_order
        )

    [topic] => merchant_order
    [id] => 
)


2025-10-30 16:46:01 IPN Recibido:
Array
(
    [rawBody] => {"resource":"https://api.mercadolibre.com/merchant_orders/35139488329","topic":"merchant_order"}
    [data] => Array
        (
            [{"resource":"https://api_mercadolibre_com/merchant_orders/35139488329","topic":"merchant_order"}] => 
            [resource] => https://api.mercadolibre.com/merchant_orders/35139488329
            [topic] => merchant_order
        )

    [topic] => merchant_order
    [id] => 
)


2025-10-30 16:50:55 IPN Recibido:
Array
(
    [rawBody] => {"resource":"https://api.mercadolibre.com/merchant_orders/35139572325","topic":"merchant_order"}
    [data] => Array
        (
            [{"resource":"https://api_mercadolibre_com/merchant_orders/35139572325","topic":"merchant_order"}] => 
            [resource] => https://api.mercadolibre.com/merchant_orders/35139572325
            [topic] => merchant_order
        )

    [topic] => merchant_order
    [id] => 
)


2025-10-30 19:57:58 IPN Recibido:
Array
(
    [rawBody] => {"resource":"https://api.mercadolibre.com/merchant_orders/35145674071","topic":"merchant_order"}
    [data] => Array
        (
            [{"resource":"https://api_mercadolibre_com/merchant_orders/35145674071","topic":"merchant_order"}] => 
            [resource] => https://api.mercadolibre.com/merchant_orders/35145674071
            [topic] => merchant_order
        )

    [topic] => merchant_order
    [id] => 
)


2025-10-30 19:58:05 IPN Recibido:
Array
(
    [rawBody] => {"resource":"https://api.mercadolibre.com/merchant_orders/35145674071","topic":"merchant_order"}
    [data] => Array
        (
            [{"resource":"https://api_mercadolibre_com/merchant_orders/35145674071","topic":"merchant_order"}] => 
            [resource] => https://api.mercadolibre.com/merchant_orders/35145674071
            [topic] => merchant_order
        )

    [topic] => merchant_order
    [id] => 
)


2025-10-30 20:15:41 IPN Recibido:
Array
(
    [rawBody] => {"resource":"https://api.mercadolibre.com/merchant_orders/35145674071","topic":"merchant_order"}
    [data] => Array
        (
            [{"resource":"https://api_mercadolibre_com/merchant_orders/35145674071","topic":"merchant_order"}] => 
            [resource] => https://api.mercadolibre.com/merchant_orders/35145674071
            [topic] => merchant_order
        )

    [topic] => merchant_order
    [id] => 
)


2025-10-30 20:26:59 IPN Recibido:
Array
(
    [rawBody] => {"resource":"https://api.mercadolibre.com/merchant_orders/35146511251","topic":"merchant_order"}
    [data] => Array
        (
            [{"resource":"https://api_mercadolibre_com/merchant_orders/35146511251","topic":"merchant_order"}] => 
            [resource] => https://api.mercadolibre.com/merchant_orders/35146511251
            [topic] => merchant_order
        )

    [topic] => merchant_order
    [id] => 
)


2025-10-30 20:27:52 IPN Recibido:
Array
(
    [rawBody] => {"resource":"https://api.mercadolibre.com/merchant_orders/35146511251","topic":"merchant_order"}
    [data] => Array
        (
            [{"resource":"https://api_mercadolibre_com/merchant_orders/35146511251","topic":"merchant_order"}] => 
            [resource] => https://api.mercadolibre.com/merchant_orders/35146511251
            [topic] => merchant_order
        )

    [topic] => merchant_order
    [id] => 
)


2025-10-30 20:28:00 IPN Recibido:
Array
(
    [rawBody] => {"resource":"https://api.mercadolibre.com/merchant_orders/35146511251","topic":"merchant_order"}
    [data] => Array
        (
            [{"resource":"https://api_mercadolibre_com/merchant_orders/35146511251","topic":"merchant_order"}] => 
            [resource] => https://api.mercadolibre.com/merchant_orders/35146511251
            [topic] => merchant_order
        )

    [topic] => merchant_order
    [id] => 
)


2025-10-30 20:28:14 IPN Recibido:
Array
(
    [rawBody] => {"resource":"https://api.mercadolibre.com/merchant_orders/35146536741","topic":"merchant_order"}
    [data] => Array
        (
            [{"resource":"https://api_mercadolibre_com/merchant_orders/35146536741","topic":"merchant_order"}] => 
            [resource] => https://api.mercadolibre.com/merchant_orders/35146536741
            [topic] => merchant_order
        )

    [topic] => merchant_order
    [id] => 
)


2025-10-30 20:28:49 IPN Recibido:
Array
(
    [rawBody] => {"resource":"https://api.mercadolibre.com/merchant_orders/35146536741","topic":"merchant_order"}
    [data] => Array
        (
            [{"resource":"https://api_mercadolibre_com/merchant_orders/35146536741","topic":"merchant_order"}] => 
            [resource] => https://api.mercadolibre.com/merchant_orders/35146536741
            [topic] => merchant_order
        )

    [topic] => merchant_order
    [id] => 
)


2025-10-30 20:28:56 IPN Recibido:
Array
(
    [rawBody] => {"resource":"https://api.mercadolibre.com/merchant_orders/35146536741","topic":"merchant_order"}
    [data] => Array
        (
            [{"resource":"https://api_mercadolibre_com/merchant_orders/35146536741","topic":"merchant_order"}] => 
            [resource] => https://api.mercadolibre.com/merchant_orders/35146536741
            [topic] => merchant_order
        )

    [topic] => merchant_order
    [id] => 
)


2025-10-30 20:45:40 IPN Recibido:
Array
(
    [rawBody] => {"resource":"https://api.mercadolibre.com/merchant_orders/35135729239","topic":"merchant_order"}
    [data] => Array
        (
            [{"resource":"https://api_mercadolibre_com/merchant_orders/35135729239","topic":"merchant_order"}] => 
            [resource] => https://api.mercadolibre.com/merchant_orders/35135729239
            [topic] => merchant_order
        )

    [topic] => merchant_order
    [id] => 
)


2025-10-30 20:45:40 IPN Recibido:
Array
(
    [rawBody] => {"resource":"https://api.mercadolibre.com/merchant_orders/35135689959","topic":"merchant_order"}
    [data] => Array
        (
            [{"resource":"https://api_mercadolibre_com/merchant_orders/35135689959","topic":"merchant_order"}] => 
            [resource] => https://api.mercadolibre.com/merchant_orders/35135689959
            [topic] => merchant_order
        )

    [topic] => merchant_order
    [id] => 
)


2025-10-30 20:45:53 IPN Recibido:
Array
(
    [rawBody] => {"resource":"https://api.mercadolibre.com/merchant_orders/35147025823","topic":"merchant_order"}
    [data] => Array
        (
            [{"resource":"https://api_mercadolibre_com/merchant_orders/35147025823","topic":"merchant_order"}] => 
            [resource] => https://api.mercadolibre.com/merchant_orders/35147025823
            [topic] => merchant_order
        )

    [topic] => merchant_order
    [id] => 
)


2025-10-30 20:45:53 IPN Recibido:
Array
(
    [rawBody] => {"action":"payment.created","api_version":"v1","data":{"id":"131895262284"},"date_created":"2025-10-30T23:45:49Z","id":125876890023,"live_mode":true,"type":"payment","user_id":"2954697699"}
    [data] => Array
        (
            [{"action":"payment_created","api_version":"v1","data":{"id":"131895262284"},"date_created":"2025-10-30T23:45:49Z","id":125876890023,"live_mode":true,"type":"payment","user_id":"2954697699"}] => 
            [action] => payment.created
            [api_version] => v1
            [data] => Array
                (
                    [id] => 131895262284
                )

            [date_created] => 2025-10-30T23:45:49Z
            [id] => 125876890023
            [live_mode] => 1
            [type] => payment
            [user_id] => 2954697699
        )

    [topic] => 
    [id] => 125876890023
)


2025-10-30 20:45:54 IPN Recibido:
Array
(
    [rawBody] => {"resource":"131895262284","topic":"payment"}
    [data] => Array
        (
            [{"resource":"131895262284","topic":"payment"}] => 
            [resource] => 131895262284
            [topic] => payment
        )

    [topic] => payment
    [id] => 
)


2025-10-30 20:46:08 IPN Recibido:
Array
(
    [rawBody] => {"resource":"https://api.mercadolibre.com/merchant_orders/35146511251","topic":"merchant_order"}
    [data] => Array
        (
            [{"resource":"https://api_mercadolibre_com/merchant_orders/35146511251","topic":"merchant_order"}] => 
            [resource] => https://api.mercadolibre.com/merchant_orders/35146511251
            [topic] => merchant_order
        )

    [topic] => merchant_order
    [id] => 
)


2025-10-30 20:46:32 IPN Recibido:
Array
(
    [rawBody] => {"resource":"https://api.mercadolibre.com/merchant_orders/35146536741","topic":"merchant_order"}
    [data] => Array
        (
            [{"resource":"https://api_mercadolibre_com/merchant_orders/35146536741","topic":"merchant_order"}] => 
            [resource] => https://api.mercadolibre.com/merchant_orders/35146536741
            [topic] => merchant_order
        )

    [topic] => merchant_order
    [id] => 
)


2025-10-30 20:46:40 IPN Recibido:
Array
(
    [rawBody] => {"resource":"https://api.mercadolibre.com/merchant_orders/35147025823","topic":"merchant_order"}
    [data] => Array
        (
            [{"resource":"https://api_mercadolibre_com/merchant_orders/35147025823","topic":"merchant_order"}] => 
            [resource] => https://api.mercadolibre.com/merchant_orders/35147025823
            [topic] => merchant_order
        )

    [topic] => merchant_order
    [id] => 
)


2025-10-30 20:46:41 IPN Recibido:
Array
(
    [rawBody] => {"action":"payment.created","api_version":"v1","data":{"id":"131895262284"},"date_created":"2025-10-30T23:45:49Z","id":125970826108,"live_mode":true,"type":"payment","user_id":"2954697699"}
    [data] => Array
        (
            [{"action":"payment_created","api_version":"v1","data":{"id":"131895262284"},"date_created":"2025-10-30T23:45:49Z","id":125970826108,"live_mode":true,"type":"payment","user_id":"2954697699"}] => 
            [action] => payment.created
            [api_version] => v1
            [data] => Array
                (
                    [id] => 131895262284
                )

            [date_created] => 2025-10-30T23:45:49Z
            [id] => 125970826108
            [live_mode] => 1
            [type] => payment
            [user_id] => 2954697699
        )

    [topic] => 
    [id] => 125970826108
)


2025-10-30 20:46:46 IPN Recibido:
Array
(
    [rawBody] => {"action":"payment.created","api_version":"v1","data":{"id":"131895262284"},"date_created":"2025-10-30T23:45:49Z","id":125876906503,"live_mode":true,"type":"payment","user_id":"2954697699"}
    [data] => Array
        (
            [{"action":"payment_created","api_version":"v1","data":{"id":"131895262284"},"date_created":"2025-10-30T23:45:49Z","id":125876906503,"live_mode":true,"type":"payment","user_id":"2954697699"}] => 
            [action] => payment.created
            [api_version] => v1
            [data] => Array
                (
                    [id] => 131895262284
                )

            [date_created] => 2025-10-30T23:45:49Z
            [id] => 125876906503
            [live_mode] => 1
            [type] => payment
            [user_id] => 2954697699
        )

    [topic] => 
    [id] => 125876906503
)


2025-10-30 20:46:46 IPN Recibido:
Array
(
    [rawBody] => {"resource":"131895262284","topic":"payment"}
    [data] => Array
        (
            [{"resource":"131895262284","topic":"payment"}] => 
            [resource] => 131895262284
            [topic] => payment
        )

    [topic] => payment
    [id] => 
)


2025-10-30 20:46:46 IPN Recibido:
Array
(
    [rawBody] => {"resource":"https://api.mercadolibre.com/merchant_orders/35147025823","topic":"merchant_order"}
    [data] => Array
        (
            [{"resource":"https://api_mercadolibre_com/merchant_orders/35147025823","topic":"merchant_order"}] => 
            [resource] => https://api.mercadolibre.com/merchant_orders/35147025823
            [topic] => merchant_order
        )

    [topic] => merchant_order
    [id] => 
)


2025-10-30 20:46:56 IPN Recibido:
Array
(
    [rawBody] => {"resource":"131895262284","topic":"payment"}
    [data] => Array
        (
            [{"resource":"131895262284","topic":"payment"}] => 
            [resource] => 131895262284
            [topic] => payment
        )

    [topic] => payment
    [id] => 
)


2025-10-30 20:50:43 IPN Recibido:
Array
(
    [rawBody] => {"resource":"https://api.mercadolibre.com/merchant_orders/35145674071","topic":"merchant_order"}
    [data] => Array
        (
            [{"resource":"https://api_mercadolibre_com/merchant_orders/35145674071","topic":"merchant_order"}] => 
            [resource] => https://api.mercadolibre.com/merchant_orders/35145674071
            [topic] => merchant_order
        )

    [topic] => merchant_order
    [id] => 
)


2025-10-30 21:05:17 IPN Recibido:
Array
(
    [rawBody] => {"resource":"https://api.mercadolibre.com/merchant_orders/35147025823","topic":"merchant_order"}
    [data] => Array
        (
            [{"resource":"https://api_mercadolibre_com/merchant_orders/35147025823","topic":"merchant_order"}] => 
            [resource] => https://api.mercadolibre.com/merchant_orders/35147025823
            [topic] => merchant_order
        )

    [topic] => merchant_order
    [id] => 
)


2025-10-30 21:05:17 IPN Recibido:
Array
(
    [rawBody] => {"action":"payment.created","api_version":"v1","data":{"id":"131895262284"},"date_created":"2025-10-30T23:45:49Z","id":125877309383,"live_mode":true,"type":"payment","user_id":"2954697699"}
    [data] => Array
        (
            [{"action":"payment_created","api_version":"v1","data":{"id":"131895262284"},"date_created":"2025-10-30T23:45:49Z","id":125877309383,"live_mode":true,"type":"payment","user_id":"2954697699"}] => 
            [action] => payment.created
            [api_version] => v1
            [data] => Array
                (
                    [id] => 131895262284
                )

            [date_created] => 2025-10-30T23:45:49Z
            [id] => 125877309383
            [live_mode] => 1
            [type] => payment
            [user_id] => 2954697699
        )

    [topic] => 
    [id] => 125877309383
)


2025-10-30 21:05:19 IPN Recibido:
Array
(
    [rawBody] => {"resource":"131895262284","topic":"payment"}
    [data] => Array
        (
            [{"resource":"131895262284","topic":"payment"}] => 
            [resource] => 131895262284
            [topic] => payment
        )

    [topic] => payment
    [id] => 
)


2025-10-30 21:20:50 IPN Recibido:
Array
(
    [rawBody] => {"resource":"https://api.mercadolibre.com/merchant_orders/35146511251","topic":"merchant_order"}
    [data] => Array
        (
            [{"resource":"https://api_mercadolibre_com/merchant_orders/35146511251","topic":"merchant_order"}] => 
            [resource] => https://api.mercadolibre.com/merchant_orders/35146511251
            [topic] => merchant_order
        )

    [topic] => merchant_order
    [id] => 
)


2025-10-30 21:20:50 IPN Recibido:
Array
(
    [rawBody] => {"resource":"https://api.mercadolibre.com/merchant_orders/35146536741","topic":"merchant_order"}
    [data] => Array
        (
            [{"resource":"https://api_mercadolibre_com/merchant_orders/35146536741","topic":"merchant_order"}] => 
            [resource] => https://api.mercadolibre.com/merchant_orders/35146536741
            [topic] => merchant_order
        )

    [topic] => merchant_order
    [id] => 
)


2025-10-31 15:13:05 IPN Recibido:
Array
(
    [rawBody] => {"resource":"https://api.mercadolibre.com/merchant_orders/35188955772","topic":"merchant_order"}
    [data] => Array
        (
            [{"resource":"https://api_mercadolibre_com/merchant_orders/35188955772","topic":"merchant_order"}] => 
            [resource] => https://api.mercadolibre.com/merchant_orders/35188955772
            [topic] => merchant_order
        )

    [topic] => merchant_order
    [id] => 
)


2025-10-31 15:13:05 IPN Recibido:
Array
(
    [rawBody] => {"action":"payment.created","api_version":"v1","data":{"id":"131390384607"},"date_created":"2025-10-31T18:12:49Z","id":125894835325,"live_mode":true,"type":"payment","user_id":"2926162049"}
    [data] => Array
        (
            [{"action":"payment_created","api_version":"v1","data":{"id":"131390384607"},"date_created":"2025-10-31T18:12:49Z","id":125894835325,"live_mode":true,"type":"payment","user_id":"2926162049"}] => 
            [action] => payment.created
            [api_version] => v1
            [data] => Array
                (
                    [id] => 131390384607
                )

            [date_created] => 2025-10-31T18:12:49Z
            [id] => 125894835325
            [live_mode] => 1
            [type] => payment
            [user_id] => 2926162049
        )

    [topic] => 
    [id] => 125894835325
)


2025-10-31 15:13:10 IPN Recibido:
Array
(
    [rawBody] => {"resource":"https://api.mercadolibre.com/merchant_orders/35188955772","topic":"merchant_order"}
    [data] => Array
        (
            [{"resource":"https://api_mercadolibre_com/merchant_orders/35188955772","topic":"merchant_order"}] => 
            [resource] => https://api.mercadolibre.com/merchant_orders/35188955772
            [topic] => merchant_order
        )

    [topic] => merchant_order
    [id] => 
)


2025-10-31 15:13:32 IPN Recibido:
Array
(
    [rawBody] => {"resource":"131390384607","topic":"payment"}
    [data] => Array
        (
            [{"resource":"131390384607","topic":"payment"}] => 
            [resource] => 131390384607
            [topic] => payment
        )

    [topic] => payment
    [id] => 
)


2025-10-31 15:13:32 IPN Recibido:
Array
(
    [rawBody] => {"action":"payment.created","api_version":"v1","data":{"id":"131390384607"},"date_created":"2025-10-31T18:12:49Z","id":125894011717,"live_mode":true,"type":"payment","user_id":"2926162049"}
    [data] => Array
        (
            [{"action":"payment_created","api_version":"v1","data":{"id":"131390384607"},"date_created":"2025-10-31T18:12:49Z","id":125894011717,"live_mode":true,"type":"payment","user_id":"2926162049"}] => 
            [action] => payment.created
            [api_version] => v1
            [data] => Array
                (
                    [id] => 131390384607
                )

            [date_created] => 2025-10-31T18:12:49Z
            [id] => 125894011717
            [live_mode] => 1
            [type] => payment
            [user_id] => 2926162049
        )

    [topic] => 
    [id] => 125894011717
)


2025-10-31 15:21:27 IPN Recibido:
Array
(
    [rawBody] => {"action":"payment.created","api_version":"v1","data":{"id":"131391222831"},"date_created":"2025-10-31T18:21:22Z","id":125895059159,"live_mode":true,"type":"payment","user_id":"2926162049"}
    [data] => Array
        (
            [{"action":"payment_created","api_version":"v1","data":{"id":"131391222831"},"date_created":"2025-10-31T18:21:22Z","id":125895059159,"live_mode":true,"type":"payment","user_id":"2926162049"}] => 
            [action] => payment.created
            [api_version] => v1
            [data] => Array
                (
                    [id] => 131391222831
                )

            [date_created] => 2025-10-31T18:21:22Z
            [id] => 125895059159
            [live_mode] => 1
            [type] => payment
            [user_id] => 2926162049
        )

    [topic] => 
    [id] => 125895059159
)


2025-10-31 15:21:27 IPN Recibido:
Array
(
    [rawBody] => {"resource":"https://api.mercadolibre.com/merchant_orders/35164554767","topic":"merchant_order"}
    [data] => Array
        (
            [{"resource":"https://api_mercadolibre_com/merchant_orders/35164554767","topic":"merchant_order"}] => 
            [resource] => https://api.mercadolibre.com/merchant_orders/35164554767
            [topic] => merchant_order
        )

    [topic] => merchant_order
    [id] => 
)


2025-10-31 15:21:28 IPN Recibido:
Array
(
    [rawBody] => {"resource":"131391222831","topic":"payment"}
    [data] => Array
        (
            [{"resource":"131391222831","topic":"payment"}] => 
            [resource] => 131391222831
            [topic] => payment
        )

    [topic] => payment
    [id] => 
)


2025-10-31 15:22:02 IPN Recibido:
Array
(
    [rawBody] => {"action":"payment.created","api_version":"v1","data":{"id":"131391222831"},"date_created":"2025-10-31T18:21:22Z","id":125894095549,"live_mode":true,"type":"payment","user_id":"2926162049"}
    [data] => Array
        (
            [{"action":"payment_created","api_version":"v1","data":{"id":"131391222831"},"date_created":"2025-10-31T18:21:22Z","id":125894095549,"live_mode":true,"type":"payment","user_id":"2926162049"}] => 
            [action] => payment.created
            [api_version] => v1
            [data] => Array
                (
                    [id] => 131391222831
                )

            [date_created] => 2025-10-31T18:21:22Z
            [id] => 125894095549
            [live_mode] => 1
            [type] => payment
            [user_id] => 2926162049
        )

    [topic] => 
    [id] => 125894095549
)


2025-10-31 15:22:07 IPN Recibido:
Array
(
    [rawBody] => {"action":"payment.created","api_version":"v1","data":{"id":"131391222831"},"date_created":"2025-10-31T18:21:22Z","id":125989575330,"live_mode":true,"type":"payment","user_id":"2926162049"}
    [data] => Array
        (
            [{"action":"payment_created","api_version":"v1","data":{"id":"131391222831"},"date_created":"2025-10-31T18:21:22Z","id":125989575330,"live_mode":true,"type":"payment","user_id":"2926162049"}] => 
            [action] => payment.created
            [api_version] => v1
            [data] => Array
                (
                    [id] => 131391222831
                )

            [date_created] => 2025-10-31T18:21:22Z
            [id] => 125989575330
            [live_mode] => 1
            [type] => payment
            [user_id] => 2926162049
        )

    [topic] => 
    [id] => 125989575330
)


2025-10-31 15:22:10 IPN Recibido:
Array
(
    [rawBody] => {"resource":"https://api.mercadolibre.com/merchant_orders/35164554767","topic":"merchant_order"}
    [data] => Array
        (
            [{"resource":"https://api_mercadolibre_com/merchant_orders/35164554767","topic":"merchant_order"}] => 
            [resource] => https://api.mercadolibre.com/merchant_orders/35164554767
            [topic] => merchant_order
        )

    [topic] => merchant_order
    [id] => 
)


2025-10-31 15:22:12 IPN Recibido:
Array
(
    [rawBody] => {"resource":"131391222831","topic":"payment"}
    [data] => Array
        (
            [{"resource":"131391222831","topic":"payment"}] => 
            [resource] => 131391222831
            [topic] => payment
        )

    [topic] => payment
    [id] => 
)


2025-10-31 15:22:13 IPN Recibido:
Array
(
    [rawBody] => {"resource":"https://api.mercadolibre.com/merchant_orders/35164554767","topic":"merchant_order"}
    [data] => Array
        (
            [{"resource":"https://api_mercadolibre_com/merchant_orders/35164554767","topic":"merchant_order"}] => 
            [resource] => https://api.mercadolibre.com/merchant_orders/35164554767
            [topic] => merchant_order
        )

    [topic] => merchant_order
    [id] => 
)


2025-10-31 15:22:17 IPN Recibido:
Array
(
    [rawBody] => {"resource":"131391222831","topic":"payment"}
    [data] => Array
        (
            [{"resource":"131391222831","topic":"payment"}] => 
            [resource] => 131391222831
            [topic] => payment
        )

    [topic] => payment
    [id] => 
)


2025-10-31 15:23:36 IPN Recibido:
Array
(
    [rawBody] => {"resource":"https://api.mercadolibre.com/merchant_orders/35164600967","topic":"merchant_order"}
    [data] => Array
        (
            [{"resource":"https://api_mercadolibre_com/merchant_orders/35164600967","topic":"merchant_order"}] => 
            [resource] => https://api.mercadolibre.com/merchant_orders/35164600967
            [topic] => merchant_order
        )

    [topic] => merchant_order
    [id] => 
)


2025-10-31 15:23:41 IPN Recibido:
Array
(
    [rawBody] => {"resource":"131988806366","topic":"payment"}
    [data] => Array
        (
            [{"resource":"131988806366","topic":"payment"}] => 
            [resource] => 131988806366
            [topic] => payment
        )

    [topic] => payment
    [id] => 
)


2025-10-31 15:23:42 IPN Recibido:
Array
(
    [rawBody] => {"action":"payment.created","api_version":"v1","data":{"id":"131988806366"},"date_created":"2025-10-31T18:23:28Z","id":125895119077,"live_mode":true,"type":"payment","user_id":"2926162049"}
    [data] => Array
        (
            [{"action":"payment_created","api_version":"v1","data":{"id":"131988806366"},"date_created":"2025-10-31T18:23:28Z","id":125895119077,"live_mode":true,"type":"payment","user_id":"2926162049"}] => 
            [action] => payment.created
            [api_version] => v1
            [data] => Array
                (
                    [id] => 131988806366
                )

            [date_created] => 2025-10-31T18:23:28Z
            [id] => 125895119077
            [live_mode] => 1
            [type] => payment
            [user_id] => 2926162049
        )

    [topic] => 
    [id] => 125895119077
)


2025-10-31 15:24:13 IPN Recibido:
Array
(
    [rawBody] => {"resource":"131988806366","topic":"payment"}
    [data] => Array
        (
            [{"resource":"131988806366","topic":"payment"}] => 
            [resource] => 131988806366
            [topic] => payment
        )

    [topic] => payment
    [id] => 
)


2025-10-31 15:24:15 IPN Recibido:
Array
(
    [rawBody] => {"resource":"https://api.mercadolibre.com/merchant_orders/35164600967","topic":"merchant_order"}
    [data] => Array
        (
            [{"resource":"https://api_mercadolibre_com/merchant_orders/35164600967","topic":"merchant_order"}] => 
            [resource] => https://api.mercadolibre.com/merchant_orders/35164600967
            [topic] => merchant_order
        )

    [topic] => merchant_order
    [id] => 
)


2025-10-31 15:24:24 IPN Recibido:
Array
(
    [rawBody] => {"action":"payment.created","api_version":"v1","data":{"id":"131988806366"},"date_created":"2025-10-31T18:23:28Z","id":125989640058,"live_mode":true,"type":"payment","user_id":"2926162049"}
    [data] => Array
        (
            [{"action":"payment_created","api_version":"v1","data":{"id":"131988806366"},"date_created":"2025-10-31T18:23:28Z","id":125989640058,"live_mode":true,"type":"payment","user_id":"2926162049"}] => 
            [action] => payment.created
            [api_version] => v1
            [data] => Array
                (
                    [id] => 131988806366
                )

            [date_created] => 2025-10-31T18:23:28Z
            [id] => 125989640058
            [live_mode] => 1
            [type] => payment
            [user_id] => 2926162049
        )

    [topic] => 
    [id] => 125989640058
)


2025-10-31 15:24:24 IPN Recibido:
Array
(
    [rawBody] => {"resource":"131988806366","topic":"payment"}
    [data] => Array
        (
            [{"resource":"131988806366","topic":"payment"}] => 
            [resource] => 131988806366
            [topic] => payment
        )

    [topic] => payment
    [id] => 
)


2025-10-31 15:24:25 IPN Recibido:
Array
(
    [rawBody] => {"resource":"https://api.mercadolibre.com/merchant_orders/35164600967","topic":"merchant_order"}
    [data] => Array
        (
            [{"resource":"https://api_mercadolibre_com/merchant_orders/35164600967","topic":"merchant_order"}] => 
            [resource] => https://api.mercadolibre.com/merchant_orders/35164600967
            [topic] => merchant_order
        )

    [topic] => merchant_order
    [id] => 
)


2025-10-31 15:24:29 IPN Recibido:
Array
(
    [rawBody] => {"action":"payment.created","api_version":"v1","data":{"id":"131988806366"},"date_created":"2025-10-31T18:23:28Z","id":125989656762,"live_mode":true,"type":"payment","user_id":"2926162049"}
    [data] => Array
        (
            [{"action":"payment_created","api_version":"v1","data":{"id":"131988806366"},"date_created":"2025-10-31T18:23:28Z","id":125989656762,"live_mode":true,"type":"payment","user_id":"2926162049"}] => 
            [action] => payment.created
            [api_version] => v1
            [data] => Array
                (
                    [id] => 131988806366
                )

            [date_created] => 2025-10-31T18:23:28Z
            [id] => 125989656762
            [live_mode] => 1
            [type] => payment
            [user_id] => 2926162049
        )

    [topic] => 
    [id] => 125989656762
)


2025-10-31 15:25:12 IPN Recibido:
Array
(
    [rawBody] => {"resource":"https://api.mercadolibre.com/merchant_orders/35164600967","topic":"merchant_order"}
    [data] => Array
        (
            [{"resource":"https://api_mercadolibre_com/merchant_orders/35164600967","topic":"merchant_order"}] => 
            [resource] => https://api.mercadolibre.com/merchant_orders/35164600967
            [topic] => merchant_order
        )

    [topic] => merchant_order
    [id] => 
)


2025-10-31 15:25:16 IPN Recibido:
Array
(
    [rawBody] => {"resource":"https://api.mercadolibre.com/merchant_orders/35164600967","topic":"merchant_order"}
    [data] => Array
        (
            [{"resource":"https://api_mercadolibre_com/merchant_orders/35164600967","topic":"merchant_order"}] => 
            [resource] => https://api.mercadolibre.com/merchant_orders/35164600967
            [topic] => merchant_order
        )

    [topic] => merchant_order
    [id] => 
)


2025-10-31 15:25:50 IPN Recibido:
Array
(
    [rawBody] => {"resource":"131986874162","topic":"payment"}
    [data] => Array
        (
            [{"resource":"131986874162","topic":"payment"}] => 
            [resource] => 131986874162
            [topic] => payment
        )

    [topic] => payment
    [id] => 
)


2025-10-31 15:25:53 IPN Recibido:
Array
(
    [rawBody] => {"resource":"https://api.mercadolibre.com/merchant_orders/35188753850","topic":"merchant_order"}
    [data] => Array
        (
            [{"resource":"https://api_mercadolibre_com/merchant_orders/35188753850","topic":"merchant_order"}] => 
            [resource] => https://api.mercadolibre.com/merchant_orders/35188753850
            [topic] => merchant_order
        )

    [topic] => merchant_order
    [id] => 
)


2025-10-31 15:26:21 IPN Recibido:
Array
(
    [rawBody] => {"action":"payment.created","api_version":"v1","data":{"id":"131986874162"},"date_created":"2025-10-31T18:06:29Z","id":125895234751,"live_mode":true,"type":"payment","user_id":"2926162049"}
    [data] => Array
        (
            [{"action":"payment_created","api_version":"v1","data":{"id":"131986874162"},"date_created":"2025-10-31T18:06:29Z","id":125895234751,"live_mode":true,"type":"payment","user_id":"2926162049"}] => 
            [action] => payment.created
            [api_version] => v1
            [data] => Array
                (
                    [id] => 131986874162
                )

            [date_created] => 2025-10-31T18:06:29Z
            [id] => 125895234751
            [live_mode] => 1
            [type] => payment
            [user_id] => 2926162049
        )

    [topic] => 
    [id] => 125895234751
)


2025-10-31 15:26:25 IPN Recibido:
Array
(
    [rawBody] => {"resource":"https://api.mercadolibre.com/merchant_orders/35188784752","topic":"merchant_order"}
    [data] => Array
        (
            [{"resource":"https://api_mercadolibre_com/merchant_orders/35188784752","topic":"merchant_order"}] => 
            [resource] => https://api.mercadolibre.com/merchant_orders/35188784752
            [topic] => merchant_order
        )

    [topic] => merchant_order
    [id] => 
)


2025-10-31 15:30:57 IPN Recibido:
Array
(
    [rawBody] => {"action":"payment.created","api_version":"v1","data":{"id":"131390384607"},"date_created":"2025-10-31T18:12:49Z","id":125989822528,"live_mode":true,"type":"payment","user_id":"2926162049"}
    [data] => Array
        (
            [{"action":"payment_created","api_version":"v1","data":{"id":"131390384607"},"date_created":"2025-10-31T18:12:49Z","id":125989822528,"live_mode":true,"type":"payment","user_id":"2926162049"}] => 
            [action] => payment.created
            [api_version] => v1
            [data] => Array
                (
                    [id] => 131390384607
                )

            [date_created] => 2025-10-31T18:12:49Z
            [id] => 125989822528
            [live_mode] => 1
            [type] => payment
            [user_id] => 2926162049
        )

    [topic] => 
    [id] => 125989822528
)


2025-10-31 15:30:57 IPN Recibido:
Array
(
    [rawBody] => {"resource":"131390384607","topic":"payment"}
    [data] => Array
        (
            [{"resource":"131390384607","topic":"payment"}] => 
            [resource] => 131390384607
            [topic] => payment
        )

    [topic] => payment
    [id] => 
)


2025-10-31 15:31:01 IPN Recibido:
Array
(
    [rawBody] => {"resource":"https://api.mercadolibre.com/merchant_orders/35188955772","topic":"merchant_order"}
    [data] => Array
        (
            [{"resource":"https://api_mercadolibre_com/merchant_orders/35188955772","topic":"merchant_order"}] => 
            [resource] => https://api.mercadolibre.com/merchant_orders/35188955772
            [topic] => merchant_order
        )

    [topic] => merchant_order
    [id] => 
)


2025-10-31 15:40:45 IPN Recibido:
Array
(
    [rawBody] => {"resource":"131391222831","topic":"payment"}
    [data] => Array
        (
            [{"resource":"131391222831","topic":"payment"}] => 
            [resource] => 131391222831
            [topic] => payment
        )

    [topic] => payment
    [id] => 
)


2025-10-31 15:40:45 IPN Recibido:
Array
(
    [rawBody] => {"resource":"131988806366","topic":"payment"}
    [data] => Array
        (
            [{"resource":"131988806366","topic":"payment"}] => 
            [resource] => 131988806366
            [topic] => payment
        )

    [topic] => payment
    [id] => 
)


2025-10-31 15:40:51 IPN Recibido:
Array
(
    [rawBody] => {"resource":"https://api.mercadolibre.com/merchant_orders/35164554767","topic":"merchant_order"}
    [data] => Array
        (
            [{"resource":"https://api_mercadolibre_com/merchant_orders/35164554767","topic":"merchant_order"}] => 
            [resource] => https://api.mercadolibre.com/merchant_orders/35164554767
            [topic] => merchant_order
        )

    [topic] => merchant_order
    [id] => 
)


2025-10-31 15:40:53 IPN Recibido:
Array
(
    [rawBody] => {"action":"payment.created","api_version":"v1","data":{"id":"131391222831"},"date_created":"2025-10-31T18:21:22Z","id":125895598805,"live_mode":true,"type":"payment","user_id":"2926162049"}
    [data] => Array
        (
            [{"action":"payment_created","api_version":"v1","data":{"id":"131391222831"},"date_created":"2025-10-31T18:21:22Z","id":125895598805,"live_mode":true,"type":"payment","user_id":"2926162049"}] => 
            [action] => payment.created
            [api_version] => v1
            [data] => Array
                (
                    [id] => 131391222831
                )

            [date_created] => 2025-10-31T18:21:22Z
            [id] => 125895598805
            [live_mode] => 1
            [type] => payment
            [user_id] => 2926162049
        )

    [topic] => 
    [id] => 125895598805
)


2025-10-31 15:40:54 IPN Recibido:
Array
(
    [rawBody] => {"action":"payment.created","api_version":"v1","data":{"id":"131988806366"},"date_created":"2025-10-31T18:23:28Z","id":125895598935,"live_mode":true,"type":"payment","user_id":"2926162049"}
    [data] => Array
        (
            [{"action":"payment_created","api_version":"v1","data":{"id":"131988806366"},"date_created":"2025-10-31T18:23:28Z","id":125895598935,"live_mode":true,"type":"payment","user_id":"2926162049"}] => 
            [action] => payment.created
            [api_version] => v1
            [data] => Array
                (
                    [id] => 131988806366
                )

            [date_created] => 2025-10-31T18:23:28Z
            [id] => 125895598935
            [live_mode] => 1
            [type] => payment
            [user_id] => 2926162049
        )

    [topic] => 
    [id] => 125895598935
)


2025-10-31 15:45:33 IPN Recibido:
Array
(
    [rawBody] => {"resource":"https://api.mercadolibre.com/merchant_orders/35164600967","topic":"merchant_order"}
    [data] => Array
        (
            [{"resource":"https://api_mercadolibre_com/merchant_orders/35164600967","topic":"merchant_order"}] => 
            [resource] => https://api.mercadolibre.com/merchant_orders/35164600967
            [topic] => merchant_order
        )

    [topic] => merchant_order
    [id] => 
)


2025-10-31 16:00:35 IPN Recibido:
Array
(
    [rawBody] => {"resource":"131986874162","topic":"payment"}
    [data] => Array
        (
            [{"resource":"131986874162","topic":"payment"}] => 
            [resource] => 131986874162
            [topic] => payment
        )

    [topic] => payment
    [id] => 
)


2025-10-31 16:00:35 IPN Recibido:
Array
(
    [rawBody] => {"resource":"https://api.mercadolibre.com/merchant_orders/35188753850","topic":"merchant_order"}
    [data] => Array
        (
            [{"resource":"https://api_mercadolibre_com/merchant_orders/35188753850","topic":"merchant_order"}] => 
            [resource] => https://api.mercadolibre.com/merchant_orders/35188753850
            [topic] => merchant_order
        )

    [topic] => merchant_order
    [id] => 
)


2025-10-31 16:00:42 IPN Recibido:
Array
(
    [rawBody] => {"action":"payment.created","api_version":"v1","data":{"id":"131986874162"},"date_created":"2025-10-31T18:06:29Z","id":125990565006,"live_mode":true,"type":"payment","user_id":"2926162049"}
    [data] => Array
        (
            [{"action":"payment_created","api_version":"v1","data":{"id":"131986874162"},"date_created":"2025-10-31T18:06:29Z","id":125990565006,"live_mode":true,"type":"payment","user_id":"2926162049"}] => 
            [action] => payment.created
            [api_version] => v1
            [data] => Array
                (
                    [id] => 131986874162
                )

            [date_created] => 2025-10-31T18:06:29Z
            [id] => 125990565006
            [live_mode] => 1
            [type] => payment
            [user_id] => 2926162049
        )

    [topic] => 
    [id] => 125990565006
)


2025-10-31 16:00:46 IPN Recibido:
Array
(
    [rawBody] => {"resource":"https://api.mercadolibre.com/merchant_orders/35188784752","topic":"merchant_order"}
    [data] => Array
        (
            [{"resource":"https://api_mercadolibre_com/merchant_orders/35188784752","topic":"merchant_order"}] => 
            [resource] => https://api.mercadolibre.com/merchant_orders/35188784752
            [topic] => merchant_order
        )

    [topic] => merchant_order
    [id] => 
)


2025-10-31 16:05:46 IPN Recibido:
Array
(
    [rawBody] => {"action":"payment.created","api_version":"v1","data":{"id":"131390384607"},"date_created":"2025-10-31T18:12:49Z","id":125896224091,"live_mode":true,"type":"payment","user_id":"2926162049"}
    [data] => Array
        (
            [{"action":"payment_created","api_version":"v1","data":{"id":"131390384607"},"date_created":"2025-10-31T18:12:49Z","id":125896224091,"live_mode":true,"type":"payment","user_id":"2926162049"}] => 
            [action] => payment.created
            [api_version] => v1
            [data] => Array
                (
                    [id] => 131390384607
                )

            [date_created] => 2025-10-31T18:12:49Z
            [id] => 125896224091
            [live_mode] => 1
            [type] => payment
            [user_id] => 2926162049
        )

    [topic] => 
    [id] => 125896224091
)


2025-10-31 16:05:58 IPN Recibido:
Array
(
    [rawBody] => {"resource":"131390384607","topic":"payment"}
    [data] => Array
        (
            [{"resource":"131390384607","topic":"payment"}] => 
            [resource] => 131390384607
            [topic] => payment
        )

    [topic] => payment
    [id] => 
)


2025-10-31 16:05:58 IPN Recibido:
Array
(
    [rawBody] => {"resource":"https://api.mercadolibre.com/merchant_orders/35188955772","topic":"merchant_order"}
    [data] => Array
        (
            [{"resource":"https://api_mercadolibre_com/merchant_orders/35188955772","topic":"merchant_order"}] => 
            [resource] => https://api.mercadolibre.com/merchant_orders/35188955772
            [topic] => merchant_order
        )

    [topic] => merchant_order
    [id] => 
)


2025-10-31 16:15:17 IPN Recibido:
Array
(
    [rawBody] => {"resource":"https://api.mercadolibre.com/merchant_orders/35164554767","topic":"merchant_order"}
    [data] => Array
        (
            [{"resource":"https://api_mercadolibre_com/merchant_orders/35164554767","topic":"merchant_order"}] => 
            [resource] => https://api.mercadolibre.com/merchant_orders/35164554767
            [topic] => merchant_order
        )

    [topic] => merchant_order
    [id] => 
)


2025-10-31 16:15:17 IPN Recibido:
Array
(
    [rawBody] => {"action":"payment.created","api_version":"v1","data":{"id":"131391222831"},"date_created":"2025-10-31T18:21:22Z","id":125990906372,"live_mode":true,"type":"payment","user_id":"2926162049"}
    [data] => Array
        (
            [{"action":"payment_created","api_version":"v1","data":{"id":"131391222831"},"date_created":"2025-10-31T18:21:22Z","id":125990906372,"live_mode":true,"type":"payment","user_id":"2926162049"}] => 
            [action] => payment.created
            [api_version] => v1
            [data] => Array
                (
                    [id] => 131391222831
                )

            [date_created] => 2025-10-31T18:21:22Z
            [id] => 125990906372
            [live_mode] => 1
            [type] => payment
            [user_id] => 2926162049
        )

    [topic] => 
    [id] => 125990906372
)


2025-10-31 16:15:26 IPN Recibido:
Array
(
    [rawBody] => {"resource":"131391222831","topic":"payment"}
    [data] => Array
        (
            [{"resource":"131391222831","topic":"payment"}] => 
            [resource] => 131391222831
            [topic] => payment
        )

    [topic] => payment
    [id] => 
)


2025-10-31 16:15:27 IPN Recibido:
Array
(
    [rawBody] => {"action":"payment.created","api_version":"v1","data":{"id":"131988806366"},"date_created":"2025-10-31T18:23:28Z","id":125896439469,"live_mode":true,"type":"payment","user_id":"2926162049"}
    [data] => Array
        (
            [{"action":"payment_created","api_version":"v1","data":{"id":"131988806366"},"date_created":"2025-10-31T18:23:28Z","id":125896439469,"live_mode":true,"type":"payment","user_id":"2926162049"}] => 
            [action] => payment.created
            [api_version] => v1
            [data] => Array
                (
                    [id] => 131988806366
                )

            [date_created] => 2025-10-31T18:23:28Z
            [id] => 125896439469
            [live_mode] => 1
            [type] => payment
            [user_id] => 2926162049
        )

    [topic] => 
    [id] => 125896439469
)


2025-10-31 16:20:38 IPN Recibido:
Array
(
    [rawBody] => {"resource":"https://api.mercadolibre.com/merchant_orders/35164600967","topic":"merchant_order"}
    [data] => Array
        (
            [{"resource":"https://api_mercadolibre_com/merchant_orders/35164600967","topic":"merchant_order"}] => 
            [resource] => https://api.mercadolibre.com/merchant_orders/35164600967
            [topic] => merchant_order
        )

    [topic] => merchant_order
    [id] => 
)


2025-11-02 09:18:06 IPN Recibido:
Array
(
    [rawBody] => {"resource":"https://api.mercadolibre.com/merchant_orders/35211872099","topic":"merchant_order"}
    [data] => Array
        (
            [{"resource":"https://api_mercadolibre_com/merchant_orders/35211872099","topic":"merchant_order"}] => 
            [resource] => https://api.mercadolibre.com/merchant_orders/35211872099
            [topic] => merchant_order
        )

    [topic] => merchant_order
    [id] => 
)


2025-11-02 09:18:08 IPN Recibido:
Array
(
    [rawBody] => {"action":"payment.created","api_version":"v1","data":{"id":"1325265216"},"date_created":"2025-11-02T12:17:56Z","id":125943837721,"live_mode":false,"type":"payment","user_id":"2926162049"}
    [data] => Array
        (
            [{"action":"payment_created","api_version":"v1","data":{"id":"1325265216"},"date_created":"2025-11-02T12:17:56Z","id":125943837721,"live_mode":false,"type":"payment","user_id":"2926162049"}] => 
            [action] => payment.created
            [api_version] => v1
            [data] => Array
                (
                    [id] => 1325265216
                )

            [date_created] => 2025-11-02T12:17:56Z
            [id] => 125943837721
            [live_mode] => 
            [type] => payment
            [user_id] => 2926162049
        )

    [topic] => 
    [id] => 125943837721
)


2025-11-02 09:18:14 IPN Recibido:
Array
(
    [rawBody] => {"action":"payment.created","api_version":"v1","data":{"id":"1325265216"},"date_created":"2025-11-02T12:17:56Z","id":125943827489,"live_mode":false,"type":"payment","user_id":"2926162049"}
    [data] => Array
        (
            [{"action":"payment_created","api_version":"v1","data":{"id":"1325265216"},"date_created":"2025-11-02T12:17:56Z","id":125943827489,"live_mode":false,"type":"payment","user_id":"2926162049"}] => 
            [action] => payment.created
            [api_version] => v1
            [data] => Array
                (
                    [id] => 1325265216
                )

            [date_created] => 2025-11-02T12:17:56Z
            [id] => 125943827489
            [live_mode] => 
            [type] => payment
            [user_id] => 2926162049
        )

    [topic] => 
    [id] => 125943827489
)


2025-11-02 09:18:47 IPN Recibido:
Array
(
    [rawBody] => {"resource":"https://api.mercadolibre.com/merchant_orders/35211872099","topic":"merchant_order"}
    [data] => Array
        (
            [{"resource":"https://api_mercadolibre_com/merchant_orders/35211872099","topic":"merchant_order"}] => 
            [resource] => https://api.mercadolibre.com/merchant_orders/35211872099
            [topic] => merchant_order
        )

    [topic] => merchant_order
    [id] => 
)


2025-11-02 09:18:52 IPN Recibido:
Array
(
    [rawBody] => {"resource":"https://api.mercadolibre.com/merchant_orders/35211872099","topic":"merchant_order"}
    [data] => Array
        (
            [{"resource":"https://api_mercadolibre_com/merchant_orders/35211872099","topic":"merchant_order"}] => 
            [resource] => https://api.mercadolibre.com/merchant_orders/35211872099
            [topic] => merchant_order
        )

    [topic] => merchant_order
    [id] => 
)


2025-11-02 09:35:49 IPN Recibido:
Array
(
    [rawBody] => {"action":"payment.created","api_version":"v1","data":{"id":"1325265216"},"date_created":"2025-11-02T12:17:56Z","id":126038711532,"live_mode":false,"type":"payment","user_id":"2926162049"}
    [data] => Array
        (
            [{"action":"payment_created","api_version":"v1","data":{"id":"1325265216"},"date_created":"2025-11-02T12:17:56Z","id":126038711532,"live_mode":false,"type":"payment","user_id":"2926162049"}] => 
            [action] => payment.created
            [api_version] => v1
            [data] => Array
                (
                    [id] => 1325265216
                )

            [date_created] => 2025-11-02T12:17:56Z
            [id] => 126038711532
            [live_mode] => 
            [type] => payment
            [user_id] => 2926162049
        )

    [topic] => 
    [id] => 126038711532
)


2025-11-02 09:35:49 IPN Recibido:
Array
(
    [rawBody] => {"resource":"https://api.mercadolibre.com/merchant_orders/35211872099","topic":"merchant_order"}
    [data] => Array
        (
            [{"resource":"https://api_mercadolibre_com/merchant_orders/35211872099","topic":"merchant_order"}] => 
            [resource] => https://api.mercadolibre.com/merchant_orders/35211872099
            [topic] => merchant_order
        )

    [topic] => merchant_order
    [id] => 
)


2025-11-02 09:44:51 IPN Recibido:
Array
(
    [rawBody] => {"resource":"https://api.mercadolibre.com/merchant_orders/35212244165","topic":"merchant_order"}
    [data] => Array
        (
            [{"resource":"https://api_mercadolibre_com/merchant_orders/35212244165","topic":"merchant_order"}] => 
            [resource] => https://api.mercadolibre.com/merchant_orders/35212244165
            [topic] => merchant_order
        )

    [topic] => merchant_order
    [id] => 
)


2025-11-02 09:44:52 IPN Recibido:
Array
(
    [rawBody] => {"action":"payment.created","api_version":"v1","data":{"id":"1325264608"},"date_created":"2025-11-02T12:44:46Z","id":126038886560,"live_mode":false,"type":"payment","user_id":"2926162049"}
    [data] => Array
        (
            [{"action":"payment_created","api_version":"v1","data":{"id":"1325264608"},"date_created":"2025-11-02T12:44:46Z","id":126038886560,"live_mode":false,"type":"payment","user_id":"2926162049"}] => 
            [action] => payment.created
            [api_version] => v1
            [data] => Array
                (
                    [id] => 1325264608
                )

            [date_created] => 2025-11-02T12:44:46Z
            [id] => 126038886560
            [live_mode] => 
            [type] => payment
            [user_id] => 2926162049
        )

    [topic] => 
    [id] => 126038886560
)


2025-11-02 09:44:57 IPN Recibido:
Array
(
    [rawBody] => {"action":"payment.created","api_version":"v1","data":{"id":"1325264608"},"date_created":"2025-11-02T12:44:46Z","id":126038888256,"live_mode":false,"type":"payment","user_id":"2926162049"}
    [data] => Array
        (
            [{"action":"payment_created","api_version":"v1","data":{"id":"1325264608"},"date_created":"2025-11-02T12:44:46Z","id":126038888256,"live_mode":false,"type":"payment","user_id":"2926162049"}] => 
            [action] => payment.created
            [api_version] => v1
            [data] => Array
                (
                    [id] => 1325264608
                )

            [date_created] => 2025-11-02T12:44:46Z
            [id] => 126038888256
            [live_mode] => 
            [type] => payment
            [user_id] => 2926162049
        )

    [topic] => 
    [id] => 126038888256
)


2025-11-02 09:45:37 IPN Recibido:
Array
(
    [rawBody] => {"resource":"https://api.mercadolibre.com/merchant_orders/35212244165","topic":"merchant_order"}
    [data] => Array
        (
            [{"resource":"https://api_mercadolibre_com/merchant_orders/35212244165","topic":"merchant_order"}] => 
            [resource] => https://api.mercadolibre.com/merchant_orders/35212244165
            [topic] => merchant_order
        )

    [topic] => merchant_order
    [id] => 
)


2025-11-02 09:45:41 IPN Recibido:
Array
(
    [rawBody] => {"resource":"https://api.mercadolibre.com/merchant_orders/35212244165","topic":"merchant_order"}
    [data] => Array
        (
            [{"resource":"https://api_mercadolibre_com/merchant_orders/35212244165","topic":"merchant_order"}] => 
            [resource] => https://api.mercadolibre.com/merchant_orders/35212244165
            [topic] => merchant_order
        )

    [topic] => merchant_order
    [id] => 
)


2025-11-02 09:47:58 IPN Recibido:
Array
(
    [rawBody] => {"action":"payment.created","api_version":"v1","data":{"id":"1325264622"},"date_created":"2025-11-02T12:47:46Z","id":125944246321,"live_mode":false,"type":"payment","user_id":"2926162049"}
    [data] => Array
        (
            [{"action":"payment_created","api_version":"v1","data":{"id":"1325264622"},"date_created":"2025-11-02T12:47:46Z","id":125944246321,"live_mode":false,"type":"payment","user_id":"2926162049"}] => 
            [action] => payment.created
            [api_version] => v1
            [data] => Array
                (
                    [id] => 1325264622
                )

            [date_created] => 2025-11-02T12:47:46Z
            [id] => 125944246321
            [live_mode] => 
            [type] => payment
            [user_id] => 2926162049
        )

    [topic] => 
    [id] => 125944246321
)


2025-11-02 09:47:58 IPN Recibido:
Array
(
    [rawBody] => {"resource":"https://api.mercadolibre.com/merchant_orders/35212290491","topic":"merchant_order"}
    [data] => Array
        (
            [{"resource":"https://api_mercadolibre_com/merchant_orders/35212290491","topic":"merchant_order"}] => 
            [resource] => https://api.mercadolibre.com/merchant_orders/35212290491
            [topic] => merchant_order
        )

    [topic] => merchant_order
    [id] => 
)


2025-11-02 09:48:08 IPN Recibido:
Array
(
    [rawBody] => {"action":"payment.created","api_version":"v1","data":{"id":"1325264622"},"date_created":"2025-11-02T12:47:46Z","id":125944250097,"live_mode":false,"type":"payment","user_id":"2926162049"}
    [data] => Array
        (
            [{"action":"payment_created","api_version":"v1","data":{"id":"1325264622"},"date_created":"2025-11-02T12:47:46Z","id":125944250097,"live_mode":false,"type":"payment","user_id":"2926162049"}] => 
            [action] => payment.created
            [api_version] => v1
            [data] => Array
                (
                    [id] => 1325264622
                )

            [date_created] => 2025-11-02T12:47:46Z
            [id] => 125944250097
            [live_mode] => 
            [type] => payment
            [user_id] => 2926162049
        )

    [topic] => 
    [id] => 125944250097
)


2025-11-02 09:48:36 IPN Recibido:
Array
(
    [rawBody] => {"resource":"https://api.mercadolibre.com/merchant_orders/35212290491","topic":"merchant_order"}
    [data] => Array
        (
            [{"resource":"https://api_mercadolibre_com/merchant_orders/35212290491","topic":"merchant_order"}] => 
            [resource] => https://api.mercadolibre.com/merchant_orders/35212290491
            [topic] => merchant_order
        )

    [topic] => merchant_order
    [id] => 
)


2025-11-02 09:48:41 IPN Recibido:
Array
(
    [rawBody] => {"resource":"https://api.mercadolibre.com/merchant_orders/35212290491","topic":"merchant_order"}
    [data] => Array
        (
            [{"resource":"https://api_mercadolibre_com/merchant_orders/35212290491","topic":"merchant_order"}] => 
            [resource] => https://api.mercadolibre.com/merchant_orders/35212290491
            [topic] => merchant_order
        )

    [topic] => merchant_order
    [id] => 
)


2025-11-02 10:00:55 IPN Recibido:
Array
(
    [rawBody] => {"action":"payment.created","api_version":"v1","data":{"id":"1325264608"},"date_created":"2025-11-02T12:44:46Z","id":126039110470,"live_mode":false,"type":"payment","user_id":"2926162049"}
    [data] => Array
        (
            [{"action":"payment_created","api_version":"v1","data":{"id":"1325264608"},"date_created":"2025-11-02T12:44:46Z","id":126039110470,"live_mode":false,"type":"payment","user_id":"2926162049"}] => 
            [action] => payment.created
            [api_version] => v1
            [data] => Array
                (
                    [id] => 1325264608
                )

            [date_created] => 2025-11-02T12:44:46Z
            [id] => 126039110470
            [live_mode] => 
            [type] => payment
            [user_id] => 2926162049
        )

    [topic] => 
    [id] => 126039110470
)


2025-11-02 10:05:34 IPN Recibido:
Array
(
    [rawBody] => {"resource":"https://api.mercadolibre.com/merchant_orders/35212290491","topic":"merchant_order"}
    [data] => Array
        (
            [{"resource":"https://api_mercadolibre_com/merchant_orders/35212290491","topic":"merchant_order"}] => 
            [resource] => https://api.mercadolibre.com/merchant_orders/35212290491
            [topic] => merchant_order
        )

    [topic] => merchant_order
    [id] => 
)


2025-11-02 10:05:34 IPN Recibido:
Array
(
    [rawBody] => {"action":"payment.created","api_version":"v1","data":{"id":"1325264622"},"date_created":"2025-11-02T12:47:46Z","id":126039170986,"live_mode":false,"type":"payment","user_id":"2926162049"}
    [data] => Array
        (
            [{"action":"payment_created","api_version":"v1","data":{"id":"1325264622"},"date_created":"2025-11-02T12:47:46Z","id":126039170986,"live_mode":false,"type":"payment","user_id":"2926162049"}] => 
            [action] => payment.created
            [api_version] => v1
            [data] => Array
                (
                    [id] => 1325264622
                )

            [date_created] => 2025-11-02T12:47:46Z
            [id] => 126039170986
            [live_mode] => 
            [type] => payment
            [user_id] => 2926162049
        )

    [topic] => 
    [id] => 126039170986
)


2025-11-02 10:05:55 IPN Recibido:
Array
(
    [rawBody] => {"resource":"https://api.mercadolibre.com/merchant_orders/35212244165","topic":"merchant_order"}
    [data] => Array
        (
            [{"resource":"https://api_mercadolibre_com/merchant_orders/35212244165","topic":"merchant_order"}] => 
            [resource] => https://api.mercadolibre.com/merchant_orders/35212244165
            [topic] => merchant_order
        )

    [topic] => merchant_order
    [id] => 
)


2025-11-02 10:10:43 IPN Recibido:
Array
(
    [rawBody] => {"resource":"https://api.mercadolibre.com/merchant_orders/35211872099","topic":"merchant_order"}
    [data] => Array
        (
            [{"resource":"https://api_mercadolibre_com/merchant_orders/35211872099","topic":"merchant_order"}] => 
            [resource] => https://api.mercadolibre.com/merchant_orders/35211872099
            [topic] => merchant_order
        )

    [topic] => merchant_order
    [id] => 
)


2025-11-02 10:10:43 IPN Recibido:
Array
(
    [rawBody] => {"action":"payment.created","api_version":"v1","data":{"id":"1325265216"},"date_created":"2025-11-02T12:17:56Z","id":125944505317,"live_mode":false,"type":"payment","user_id":"2926162049"}
    [data] => Array
        (
            [{"action":"payment_created","api_version":"v1","data":{"id":"1325265216"},"date_created":"2025-11-02T12:17:56Z","id":125944505317,"live_mode":false,"type":"payment","user_id":"2926162049"}] => 
            [action] => payment.created
            [api_version] => v1
            [data] => Array
                (
                    [id] => 1325265216
                )

            [date_created] => 2025-11-02T12:17:56Z
            [id] => 125944505317
            [live_mode] => 
            [type] => payment
            [user_id] => 2926162049
        )

    [topic] => 
    [id] => 125944505317
)


2025-11-02 10:21:49 IPN Recibido:
Array
(
    [rawBody] => {"action":"payment.created","api_version":"v1","data":{"id":"1325265334"},"date_created":"2025-11-02T13:21:39Z","id":126039424786,"live_mode":false,"type":"payment","user_id":"2926162049"}
    [data] => Array
        (
            [{"action":"payment_created","api_version":"v1","data":{"id":"1325265334"},"date_created":"2025-11-02T13:21:39Z","id":126039424786,"live_mode":false,"type":"payment","user_id":"2926162049"}] => 
            [action] => payment.created
            [api_version] => v1
            [data] => Array
                (
                    [id] => 1325265334
                )

            [date_created] => 2025-11-02T13:21:39Z
            [id] => 126039424786
            [live_mode] => 
            [type] => payment
            [user_id] => 2926162049
        )

    [topic] => 
    [id] => 126039424786
)


2025-11-02 10:21:49 IPN Recibido:
Array
(
    [rawBody] => {"resource":"https://api.mercadolibre.com/merchant_orders/35237490470","topic":"merchant_order"}
    [data] => Array
        (
            [{"resource":"https://api_mercadolibre_com/merchant_orders/35237490470","topic":"merchant_order"}] => 
            [resource] => https://api.mercadolibre.com/merchant_orders/35237490470
            [topic] => merchant_order
        )

    [topic] => merchant_order
    [id] => 
)


2025-11-02 10:21:56 IPN Recibido:
Array
(
    [rawBody] => {"action":"payment.created","api_version":"v1","data":{"id":"1325265334"},"date_created":"2025-11-02T13:21:39Z","id":125944738259,"live_mode":false,"type":"payment","user_id":"2926162049"}
    [data] => Array
        (
            [{"action":"payment_created","api_version":"v1","data":{"id":"1325265334"},"date_created":"2025-11-02T13:21:39Z","id":125944738259,"live_mode":false,"type":"payment","user_id":"2926162049"}] => 
            [action] => payment.created
            [api_version] => v1
            [data] => Array
                (
                    [id] => 1325265334
                )

            [date_created] => 2025-11-02T13:21:39Z
            [id] => 125944738259
            [live_mode] => 
            [type] => payment
            [user_id] => 2926162049
        )

    [topic] => 
    [id] => 125944738259
)


2025-11-02 10:22:25 IPN Recibido:
Array
(
    [rawBody] => {"resource":"https://api.mercadolibre.com/merchant_orders/35237490470","topic":"merchant_order"}
    [data] => Array
        (
            [{"resource":"https://api_mercadolibre_com/merchant_orders/35237490470","topic":"merchant_order"}] => 
            [resource] => https://api.mercadolibre.com/merchant_orders/35237490470
            [topic] => merchant_order
        )

    [topic] => merchant_order
    [id] => 
)


2025-11-02 10:22:31 IPN Recibido:
Array
(
    [rawBody] => {"resource":"https://api.mercadolibre.com/merchant_orders/35237490470","topic":"merchant_order"}
    [data] => Array
        (
            [{"resource":"https://api_mercadolibre_com/merchant_orders/35237490470","topic":"merchant_order"}] => 
            [resource] => https://api.mercadolibre.com/merchant_orders/35237490470
            [topic] => merchant_order
        )

    [topic] => merchant_order
    [id] => 
)


2025-11-02 10:35:37 IPN Recibido:
Array
(
    [rawBody] => {"action":"payment.created","api_version":"v1","data":{"id":"1325264608"},"date_created":"2025-11-02T12:44:46Z","id":125944946653,"live_mode":false,"type":"payment","user_id":"2926162049"}
    [data] => Array
        (
            [{"action":"payment_created","api_version":"v1","data":{"id":"1325264608"},"date_created":"2025-11-02T12:44:46Z","id":125944946653,"live_mode":false,"type":"payment","user_id":"2926162049"}] => 
            [action] => payment.created
            [api_version] => v1
            [data] => Array
                (
                    [id] => 1325264608
                )

            [date_created] => 2025-11-02T12:44:46Z
            [id] => 125944946653
            [live_mode] => 
            [type] => payment
            [user_id] => 2926162049
        )

    [topic] => 
    [id] => 125944946653
)


2025-11-02 10:39:35 IPN Recibido:
Array
(
    [rawBody] => {"action":"payment.created","api_version":"v1","data":{"id":"1325265380"},"date_created":"2025-11-02T13:39:30Z","id":125945012659,"live_mode":false,"type":"payment","user_id":"2926162049"}
    [data] => Array
        (
            [{"action":"payment_created","api_version":"v1","data":{"id":"1325265380"},"date_created":"2025-11-02T13:39:30Z","id":125945012659,"live_mode":false,"type":"payment","user_id":"2926162049"}] => 
            [action] => payment.created
            [api_version] => v1
            [data] => Array
                (
                    [id] => 1325265380
                )

            [date_created] => 2025-11-02T13:39:30Z
            [id] => 125945012659
            [live_mode] => 
            [type] => payment
            [user_id] => 2926162049
        )

    [topic] => 
    [id] => 125945012659
)


2025-11-02 10:39:35 IPN Recibido:
Array
(
    [rawBody] => {"resource":"https://api.mercadolibre.com/merchant_orders/35237827854","topic":"merchant_order"}
    [data] => Array
        (
            [{"resource":"https://api_mercadolibre_com/merchant_orders/35237827854","topic":"merchant_order"}] => 
            [resource] => https://api.mercadolibre.com/merchant_orders/35237827854
            [topic] => merchant_order
        )

    [topic] => merchant_order
    [id] => 
)


2025-11-02 10:39:42 IPN Recibido:
Array
(
    [rawBody] => {"action":"payment.created","api_version":"v1","data":{"id":"1325265380"},"date_created":"2025-11-02T13:39:30Z","id":126039667752,"live_mode":false,"type":"payment","user_id":"2926162049"}
    [data] => Array
        (
            [{"action":"payment_created","api_version":"v1","data":{"id":"1325265380"},"date_created":"2025-11-02T13:39:30Z","id":126039667752,"live_mode":false,"type":"payment","user_id":"2926162049"}] => 
            [action] => payment.created
            [api_version] => v1
            [data] => Array
                (
                    [id] => 1325265380
                )

            [date_created] => 2025-11-02T13:39:30Z
            [id] => 126039667752
            [live_mode] => 
            [type] => payment
            [user_id] => 2926162049
        )

    [topic] => 
    [id] => 126039667752
)


2025-11-02 10:40:12 IPN Recibido:
Array
(
    [rawBody] => {"resource":"https://api.mercadolibre.com/merchant_orders/35237827854","topic":"merchant_order"}
    [data] => Array
        (
            [{"resource":"https://api_mercadolibre_com/merchant_orders/35237827854","topic":"merchant_order"}] => 
            [resource] => https://api.mercadolibre.com/merchant_orders/35237827854
            [topic] => merchant_order
        )

    [topic] => merchant_order
    [id] => 
)


2025-11-02 10:40:12 IPN Recibido:
Array
(
    [rawBody] => {"action":"payment.created","api_version":"v1","data":{"id":"1325264622"},"date_created":"2025-11-02T12:47:46Z","id":126039654634,"live_mode":false,"type":"payment","user_id":"2926162049"}
    [data] => Array
        (
            [{"action":"payment_created","api_version":"v1","data":{"id":"1325264622"},"date_created":"2025-11-02T12:47:46Z","id":126039654634,"live_mode":false,"type":"payment","user_id":"2926162049"}] => 
            [action] => payment.created
            [api_version] => v1
            [data] => Array
                (
                    [id] => 1325264622
                )

            [date_created] => 2025-11-02T12:47:46Z
            [id] => 126039654634
            [live_mode] => 
            [type] => payment
            [user_id] => 2926162049
        )

    [topic] => 
    [id] => 126039654634
)


2025-11-02 10:40:16 IPN Recibido:
Array
(
    [rawBody] => {"resource":"https://api.mercadolibre.com/merchant_orders/35237827854","topic":"merchant_order"}
    [data] => Array
        (
            [{"resource":"https://api_mercadolibre_com/merchant_orders/35237827854","topic":"merchant_order"}] => 
            [resource] => https://api.mercadolibre.com/merchant_orders/35237827854
            [topic] => merchant_order
        )

    [topic] => merchant_order
    [id] => 
)


2025-11-02 10:40:31 IPN Recibido:
Array
(
    [rawBody] => {"resource":"https://api.mercadolibre.com/merchant_orders/35212290491","topic":"merchant_order"}
    [data] => Array
        (
            [{"resource":"https://api_mercadolibre_com/merchant_orders/35212290491","topic":"merchant_order"}] => 
            [resource] => https://api.mercadolibre.com/merchant_orders/35212290491
            [topic] => merchant_order
        )

    [topic] => merchant_order
    [id] => 
)


2025-11-02 10:40:37 IPN Recibido:
Array
(
    [rawBody] => {"resource":"https://api.mercadolibre.com/merchant_orders/35212244165","topic":"merchant_order"}
    [data] => Array
        (
            [{"resource":"https://api_mercadolibre_com/merchant_orders/35212244165","topic":"merchant_order"}] => 
            [resource] => https://api.mercadolibre.com/merchant_orders/35212244165
            [topic] => merchant_order
        )

    [topic] => merchant_order
    [id] => 
)


2025-11-02 10:41:02 IPN Recibido:
Array
(
    [rawBody] => {"resource":"https://api.mercadolibre.com/merchant_orders/35237490470","topic":"merchant_order"}
    [data] => Array
        (
            [{"resource":"https://api_mercadolibre_com/merchant_orders/35237490470","topic":"merchant_order"}] => 
            [resource] => https://api.mercadolibre.com/merchant_orders/35237490470
            [topic] => merchant_order
        )

    [topic] => merchant_order
    [id] => 
)


2025-11-02 10:41:06 IPN Recibido:
Array
(
    [rawBody] => {"action":"payment.created","api_version":"v1","data":{"id":"1325265334"},"date_created":"2025-11-02T13:21:39Z","id":126039721756,"live_mode":false,"type":"payment","user_id":"2926162049"}
    [data] => Array
        (
            [{"action":"payment_created","api_version":"v1","data":{"id":"1325265334"},"date_created":"2025-11-02T13:21:39Z","id":126039721756,"live_mode":false,"type":"payment","user_id":"2926162049"}] => 
            [action] => payment.created
            [api_version] => v1
            [data] => Array
                (
                    [id] => 1325265334
                )

            [date_created] => 2025-11-02T13:21:39Z
            [id] => 126039721756
            [live_mode] => 
            [type] => payment
            [user_id] => 2926162049
        )

    [topic] => 
    [id] => 126039721756
)


2025-11-02 10:56:37 IPN Recibido:
Array
(
    [rawBody] => {"action":"payment.created","api_version":"v1","data":{"id":"1325265380"},"date_created":"2025-11-02T13:39:30Z","id":125945273585,"live_mode":false,"type":"payment","user_id":"2926162049"}
    [data] => Array
        (
            [{"action":"payment_created","api_version":"v1","data":{"id":"1325265380"},"date_created":"2025-11-02T13:39:30Z","id":125945273585,"live_mode":false,"type":"payment","user_id":"2926162049"}] => 
            [action] => payment.created
            [api_version] => v1
            [data] => Array
                (
                    [id] => 1325265380
                )

            [date_created] => 2025-11-02T13:39:30Z
            [id] => 125945273585
            [live_mode] => 
            [type] => payment
            [user_id] => 2926162049
        )

    [topic] => 
    [id] => 125945273585
)


2025-11-02 11:00:45 IPN Recibido:
Array
(
    [rawBody] => {"resource":"https://api.mercadolibre.com/merchant_orders/35237827854","topic":"merchant_order"}
    [data] => Array
        (
            [{"resource":"https://api_mercadolibre_com/merchant_orders/35237827854","topic":"merchant_order"}] => 
            [resource] => https://api.mercadolibre.com/merchant_orders/35237827854
            [topic] => merchant_order
        )

    [topic] => merchant_order
    [id] => 
)


